<html>
<body>
<pre>
<h1>礦ision Build Log</h1>
<h2>Tool Versions:</h2>
IDE-Version: μVision V5.18a
Copyright (C) 2016 ARM Ltd and ARM Germany GmbH. All rights reserved.
License Information: aa Administrator, aa, LIC=5859U-SY4CW-11APY-ISD6E-JTC5Z-PW3WR
 
Tool Versions:
Toolchain:       MDK-ARM Standard  Version: 5.18a
Toolchain Path:  D:\program\keil5\ARM\ARMCC\Bin
C Compiler:      Armcc.exe V5.06 update 1 (build 61)
Assembler:       Armasm.exe V5.06 update 1 (build 61)
Linker/Locator:  ArmLink.exe V5.06 update 1 (build 61)
Library Manager: ArmAr.exe V5.06 update 1 (build 61)
Hex Converter:   FromElf.exe V5.06 update 1 (build 61)
CPU DLL:         SARMCM3.DLL V5.18a
Dialog DLL:      DCM.DLL V1.13.6.0
Target DLL:      Segger\JL2CM3.dll V2.99.19.0
Dialog DLL:      TCM.DLL V1.14.8.0
 
<h2>Project:</h2>
E:\公司文件\健身单车\代码\project\Fitness_bike_project.uvprojx
Project File Date:  12/24/2018

<h2>Output:</h2>
*** Using Compiler 'V5.06 update 1 (build 61)', folder: 'D:\program\keil5\ARM\ARMCC\Bin'
Rebuild target 'Target 1'
compiling stm32l1xx_it.c...
compiling uart.c...
compiling misc.c...
compiling delay.c...
compiling main.c...
compiling motor_driver.c...
compiling key.c...
compiling protocol.c...
compiling uartdriver.c...
compiling system_stm32l1xx.c...
compiling resistance_level_driver.c...
compiling stm32l1xx_exti.c...
compiling stm32l1xx_aes.c...
compiling stm32l1xx_crc.c...
compiling stm32l1xx_dma.c...
compiling stm32l1xx_aes_util.c...
compiling stm32l1xx_adc.c...
compiling stm32l1xx_comp.c...
compiling stm32l1xx_flash_ramfunc.c...
compiling stm32l1xx_dbgmcu.c...
compiling stm32l1xx_dac.c...
compiling stm32l1xx_flash.c...
compiling stm32l1xx_gpio.c...
compiling stm32l1xx_fsmc.c...
compiling stm32l1xx_opamp.c...
compiling stm32l1xx_pwr.c...
compiling stm32l1xx_iwdg.c...
compiling stm32l1xx_spi.c...
compiling stm32l1xx_lcd.c...
compiling stm32l1xx_rcc.c...
compiling stm32l1xx_sdio.c...
compiling stm32l1xx_i2c.c...
compiling stm32l1xx_rtc.c...
assembling startup_stm32l1xx_md.s...
compiling stm32l1xx_syscfg.c...
compiling stm32l1xx_tim.c...
compiling stm32l1xx_wwdg.c...
compiling stm32l1xx_usart.c...
linking...
Program Size: Code=6876 RO-data=276 RW-data=28 ZI-data=1692  
FromELF: creating hex file...
".\Fitness_bike_project.axf" - 0 Error(s), 0 Warning(s).

<h2>Collection of Component include folders:</h2>
  E:\公司文件\健身单车\代码\project\RTE
  D:\program\keil5\ARM\PACK\Keil\STM32L1xx_DFP\1.2.0\Device\Include

<h2>Collection of Component Files used:</h2>
Build Time Elapsed:  00:00:03
</pre>
</body>
</html>
