Component: ARM Compiler 5.06 update 1 (build 61) Tool: armlink [4d35a8]

==============================================================================

Section Cross References

    main.o(i.Logic) refers to protocol.o(i.PROTOCOL_DataAnalysis) for PROTOCOL_DataAnalysis
    main.o(i.Logic) refers to uartdriver.o(.bss) for gUART_Struct
    main.o(i.main) refers to system_stm32l1xx.o(i.SystemInit) for SystemInit
    main.o(i.main) refers to resistance_level_driver.o(i.Resistance_Level_ADC_Init) for Resistance_Level_ADC_Init
    main.o(i.main) refers to motor_driver.o(i.Motor_GPIO_Init) for Motor_GPIO_Init
    main.o(i.main) refers to motor_driver.o(i.Motor_Stop) for Motor_Stop
    main.o(i.main) refers to uartdriver.o(i.UART_Init) for UART_Init
    main.o(i.main) refers to main.o(i.Logic) for Logic
    motor_driver.o(i.Motor_Brake) refers to stm32l1xx_gpio.o(i.GPIO_SetBits) for GPIO_SetBits
    motor_driver.o(i.Motor_Forward) refers to stm32l1xx_gpio.o(i.GPIO_SetBits) for GPIO_SetBits
    motor_driver.o(i.Motor_Forward) refers to stm32l1xx_gpio.o(i.GPIO_ResetBits) for GPIO_ResetBits
    motor_driver.o(i.Motor_GPIO_Init) refers to stm32l1xx_rcc.o(i.RCC_AHBPeriphClockCmd) for RCC_AHBPeriphClockCmd
    motor_driver.o(i.Motor_GPIO_Init) refers to stm32l1xx_gpio.o(i.GPIO_Init) for GPIO_Init
    motor_driver.o(i.Motor_ResistanceAdjustment) refers to motor_driver.o(i.Motor_Reverse) for Motor_Reverse
    motor_driver.o(i.Motor_ResistanceAdjustment) refers to delay.o(i.Delay_ms) for Delay_ms
    motor_driver.o(i.Motor_ResistanceAdjustment) refers to motor_driver.o(i.Motor_Stop) for Motor_Stop
    motor_driver.o(i.Motor_ResistanceAdjustment) refers to motor_driver.o(i.Motor_Forward) for Motor_Forward
    motor_driver.o(i.Motor_Reverse) refers to stm32l1xx_gpio.o(i.GPIO_ResetBits) for GPIO_ResetBits
    motor_driver.o(i.Motor_Reverse) refers to stm32l1xx_gpio.o(i.GPIO_SetBits) for GPIO_SetBits
    motor_driver.o(i.Motor_Stop) refers to stm32l1xx_gpio.o(i.GPIO_ResetBits) for GPIO_ResetBits
    delay.o(i.Delay_ms) refers to delay.o(i.Delay_us) for Delay_us
    resistance_level_driver.o(i.Get_Resistance_Level_VValue) refers to stm32l1xx_adc.o(i.ADC_SoftwareStartConv) for ADC_SoftwareStartConv
    resistance_level_driver.o(i.Get_Resistance_Level_VValue) refers to stm32l1xx_adc.o(i.ADC_GetFlagStatus) for ADC_GetFlagStatus
    resistance_level_driver.o(i.Get_Resistance_Level_VValue) refers to stm32l1xx_adc.o(i.ADC_GetConversionValue) for ADC_GetConversionValue
    resistance_level_driver.o(i.Get_Resistance_Level_VValue) refers to delay.o(i.Delay_ms) for Delay_ms
    resistance_level_driver.o(i.Get_Resistance_Level_VValue) refers to dflt_clz.o(x$fpl$dflt) for __aeabi_i2d
    resistance_level_driver.o(i.Get_Resistance_Level_VValue) refers to dmul.o(x$fpl$dmul) for __aeabi_dmul
    resistance_level_driver.o(i.Get_Resistance_Level_VValue) refers to ddiv.o(x$fpl$ddiv) for __aeabi_ddiv
    resistance_level_driver.o(i.Get_Resistance_Level_VValue) refers to dfix.o(x$fpl$dfix) for __aeabi_d2iz
    resistance_level_driver.o(i.Resistance_Level_ADC_Init) refers to stm32l1xx_rcc.o(i.RCC_HSICmd) for RCC_HSICmd
    resistance_level_driver.o(i.Resistance_Level_ADC_Init) refers to stm32l1xx_rcc.o(i.RCC_GetFlagStatus) for RCC_GetFlagStatus
    resistance_level_driver.o(i.Resistance_Level_ADC_Init) refers to stm32l1xx_rcc.o(i.RCC_AHBPeriphClockCmd) for RCC_AHBPeriphClockCmd
    resistance_level_driver.o(i.Resistance_Level_ADC_Init) refers to stm32l1xx_gpio.o(i.GPIO_Init) for GPIO_Init
    resistance_level_driver.o(i.Resistance_Level_ADC_Init) refers to stm32l1xx_rcc.o(i.RCC_APB2PeriphClockCmd) for RCC_APB2PeriphClockCmd
    resistance_level_driver.o(i.Resistance_Level_ADC_Init) refers to stm32l1xx_adc.o(i.ADC_DeInit) for ADC_DeInit
    resistance_level_driver.o(i.Resistance_Level_ADC_Init) refers to stm32l1xx_adc.o(i.ADC_Init) for ADC_Init
    resistance_level_driver.o(i.Resistance_Level_ADC_Init) refers to stm32l1xx_adc.o(i.ADC_RegularChannelConfig) for ADC_RegularChannelConfig
    resistance_level_driver.o(i.Resistance_Level_ADC_Init) refers to stm32l1xx_adc.o(i.ADC_Cmd) for ADC_Cmd
    resistance_level_driver.o(i.Resistance_Level_ADC_Init) refers to stm32l1xx_adc.o(i.ADC_GetFlagStatus) for ADC_GetFlagStatus
    key.o(i.Key_GPIO_Init) refers to stm32l1xx_rcc.o(i.RCC_AHBPeriphClockCmd) for RCC_AHBPeriphClockCmd
    key.o(i.Key_GPIO_Init) refers to stm32l1xx_gpio.o(i.GPIO_Init) for GPIO_Init
    uart.o(i.UART_Debug) refers to strlen.o(.text) for strlen
    uart.o(i.UART_Debug) refers to stm32l1xx_usart.o(i.USART_GetFlagStatus) for USART_GetFlagStatus
    uart.o(i.UART_Debug) refers to stm32l1xx_usart.o(i.USART_SendData) for USART_SendData
    uart.o(i.UART_SendData) refers to stm32l1xx_usart.o(i.USART_GetFlagStatus) for USART_GetFlagStatus
    uart.o(i.UART_SendData) refers to stm32l1xx_usart.o(i.USART_SendData) for USART_SendData
    uartdriver.o(i.UART_ATT_Config) refers to stm32l1xx_gpio.o(i.GPIO_PinAFConfig) for GPIO_PinAFConfig
[...]
    Removing stm32l1xx_sdio.o(i.SDIO_CEATAITCmd), (16 bytes).
    Removing stm32l1xx_sdio.o(i.SDIO_ClearFlag), (12 bytes).
    Removing stm32l1xx_sdio.o(i.SDIO_ClearITPendingBit), (12 bytes).
    Removing stm32l1xx_sdio.o(i.SDIO_ClockCmd), (12 bytes).
    Removing stm32l1xx_sdio.o(i.SDIO_CmdStructInit), (14 bytes).
    Removing stm32l1xx_sdio.o(i.SDIO_CommandCompletionCmd), (12 bytes).
    Removing stm32l1xx_sdio.o(i.SDIO_DMACmd), (12 bytes).
    Removing stm32l1xx_sdio.o(i.SDIO_DataConfig), (52 bytes).
    Removing stm32l1xx_sdio.o(i.SDIO_DataStructInit), (20 bytes).
    Removing stm32l1xx_sdio.o(i.SDIO_DeInit), (22 bytes).
    Removing stm32l1xx_sdio.o(i.SDIO_GetCommandResponse), (12 bytes).
    Removing stm32l1xx_sdio.o(i.SDIO_GetDataCounter), (12 bytes).
    Removing stm32l1xx_sdio.o(i.SDIO_GetFIFOCount), (12 bytes).
    Removing stm32l1xx_sdio.o(i.SDIO_GetFlagStatus), (24 bytes).
    Removing stm32l1xx_sdio.o(i.SDIO_GetITStatus), (24 bytes).
    Removing stm32l1xx_sdio.o(i.SDIO_GetPowerState), (16 bytes).
    Removing stm32l1xx_sdio.o(i.SDIO_GetResponse), (24 bytes).
    Removing stm32l1xx_sdio.o(i.SDIO_ITConfig), (32 bytes).
    Removing stm32l1xx_sdio.o(i.SDIO_Init), (48 bytes).
    Removing stm32l1xx_sdio.o(i.SDIO_ReadData), (12 bytes).
    Removing stm32l1xx_sdio.o(i.SDIO_SendCEATACmd), (12 bytes).
    Removing stm32l1xx_sdio.o(i.SDIO_SendCommand), (44 bytes).
    Removing stm32l1xx_sdio.o(i.SDIO_SendSDIOSuspendCmd), (12 bytes).
    Removing stm32l1xx_sdio.o(i.SDIO_SetPowerState), (12 bytes).
    Removing stm32l1xx_sdio.o(i.SDIO_SetSDIOOperation), (12 bytes).
    Removing stm32l1xx_sdio.o(i.SDIO_SetSDIOReadWaitMode), (12 bytes).
    Removing stm32l1xx_sdio.o(i.SDIO_StartSDIOReadWait), (12 bytes).
    Removing stm32l1xx_sdio.o(i.SDIO_StopSDIOReadWait), (12 bytes).
    Removing stm32l1xx_sdio.o(i.SDIO_StructInit), (16 bytes).
    Removing stm32l1xx_sdio.o(i.SDIO_WriteData), (12 bytes).
    Removing stm32l1xx_spi.o(.rev16_text), (4 bytes).
    Removing stm32l1xx_spi.o(.revsh_text), (4 bytes).
    Removing stm32l1xx_spi.o(i.I2S_Cmd), (24 bytes).
    Removing stm32l1xx_spi.o(i.I2S_Init), (212 bytes).
    Removing stm32l1xx_spi.o(i.I2S_StructInit), (20 bytes).
    Removing stm32l1xx_spi.o(i.SPI_BiDirectionalLineConfig), (28 bytes).
    Removing stm32l1xx_spi.o(i.SPI_CalculateCRC), (24 bytes).
    Removing stm32l1xx_spi.o(i.SPI_Cmd), (24 bytes).
    Removing stm32l1xx_spi.o(i.SPI_DataSizeConfig), (18 bytes).
    Removing stm32l1xx_spi.o(i.SPI_GetCRC), (16 bytes).
    Removing stm32l1xx_spi.o(i.SPI_GetCRCPolynomial), (6 bytes).
    Removing stm32l1xx_spi.o(i.SPI_I2S_ClearFlag), (6 bytes).
    Removing stm32l1xx_spi.o(i.SPI_I2S_ClearITPendingBit), (20 bytes).
    Removing stm32l1xx_spi.o(i.SPI_I2S_DMACmd), (18 bytes).
    Removing stm32l1xx_spi.o(i.SPI_I2S_DeInit), (88 bytes).
    Removing stm32l1xx_spi.o(i.SPI_I2S_GetFlagStatus), (18 bytes).
    Removing stm32l1xx_spi.o(i.SPI_I2S_GetITStatus), (52 bytes).
    Removing stm32l1xx_spi.o(i.SPI_I2S_ITConfig), (32 bytes).
    Removing stm32l1xx_spi.o(i.SPI_I2S_ReceiveData), (6 bytes).
    Removing stm32l1xx_spi.o(i.SPI_I2S_SendData), (4 bytes).
    Removing stm32l1xx_spi.o(i.SPI_Init), (60 bytes).
    Removing stm32l1xx_spi.o(i.SPI_NSSInternalSoftwareConfig), (30 bytes).
    Removing stm32l1xx_spi.o(i.SPI_SSOutputCmd), (24 bytes).
    Removing stm32l1xx_spi.o(i.SPI_StructInit), (24 bytes).
    Removing stm32l1xx_spi.o(i.SPI_TransmitCRC), (10 bytes).
    Removing stm32l1xx_syscfg.o(.rev16_text), (4 bytes).
    Removing stm32l1xx_syscfg.o(.revsh_text), (4 bytes).
    Removing stm32l1xx_syscfg.o(i.SYSCFG_DeInit), (20 bytes).
    Removing stm32l1xx_syscfg.o(i.SYSCFG_EXTILineConfig), (64 bytes).
    Removing stm32l1xx_syscfg.o(i.SYSCFG_GetBootMode), (16 bytes).
    Removing stm32l1xx_syscfg.o(i.SYSCFG_MemoryRemapConfig), (12 bytes).
    Removing stm32l1xx_syscfg.o(i.SYSCFG_RIChannelSpeedConfig), (32 bytes).
    Removing stm32l1xx_syscfg.o(i.SYSCFG_RIDeInit), (36 bytes).
    Removing stm32l1xx_syscfg.o(i.SYSCFG_RIHysteresisConfig), (272 bytes).
    Removing stm32l1xx_syscfg.o(i.SYSCFG_RIIOSwitchConfig), (76 bytes).
    Removing stm32l1xx_syscfg.o(i.SYSCFG_RIResistorConfig), (32 bytes).
    Removing stm32l1xx_syscfg.o(i.SYSCFG_RISwitchControlModeCmd), (36 bytes).
    Removing stm32l1xx_syscfg.o(i.SYSCFG_RITIMInputCaptureConfig), (92 bytes).
    Removing stm32l1xx_syscfg.o(i.SYSCFG_RITIMSelect), (24 bytes).
    Removing stm32l1xx_syscfg.o(i.SYSCFG_USBPuCmd), (36 bytes).
    Removing stm32l1xx_tim.o(.rev16_text), (4 bytes).
    Removing stm32l1xx_tim.o(.revsh_text), (4 bytes).
    Removing stm32l1xx_tim.o(i.TI1_Config), (58 bytes).
    Removing stm32l1xx_tim.o(i.TI2_Config), (80 bytes).
    Removing stm32l1xx_tim.o(i.TI3_Config), (72 bytes).
    Removing stm32l1xx_tim.o(i.TI4_Config), (80 bytes).
    Removing stm32l1xx_tim.o(i.TIM_ARRPreloadConfig), (24 bytes).
    Removing stm32l1xx_tim.o(i.TIM_CCxCmd), (30 bytes).
    Removing stm32l1xx_tim.o(i.TIM_ClearFlag), (6 bytes).
    Removing stm32l1xx_tim.o(i.TIM_ClearITPendingBit), (6 bytes).
    Removing stm32l1xx_tim.o(i.TIM_ClearOC1Ref), (18 bytes).
    Removing stm32l1xx_tim.o(i.TIM_ClearOC2Ref), (24 bytes).
    Removing stm32l1xx_tim.o(i.TIM_ClearOC3Ref), (18 bytes).
    Removing stm32l1xx_tim.o(i.TIM_ClearOC4Ref), (24 bytes).
    Removing stm32l1xx_tim.o(i.TIM_Cmd), (24 bytes).
    Removing stm32l1xx_tim.o(i.TIM_CounterModeConfig), (18 bytes).
    Removing stm32l1xx_tim.o(i.TIM_DMACmd), (18 bytes).
    Removing stm32l1xx_tim.o(i.TIM_DMAConfig), (10 bytes).
    Removing stm32l1xx_tim.o(i.TIM_DeInit), (252 bytes).
    Removing stm32l1xx_tim.o(i.TIM_ETRClockMode1Config), (54 bytes).
    Removing stm32l1xx_tim.o(i.TIM_ETRClockMode2Config), (32 bytes).
    Removing stm32l1xx_tim.o(i.TIM_ETRConfig), (28 bytes).
    Removing stm32l1xx_tim.o(i.TIM_EncoderInterfaceConfig), (66 bytes).
    Removing stm32l1xx_tim.o(i.TIM_ForcedOC1Config), (18 bytes).
    Removing stm32l1xx_tim.o(i.TIM_ForcedOC2Config), (26 bytes).
    Removing stm32l1xx_tim.o(i.TIM_ForcedOC3Config), (18 bytes).
    Removing stm32l1xx_tim.o(i.TIM_ForcedOC4Config), (26 bytes).
    Removing stm32l1xx_tim.o(i.TIM_GenerateEvent), (4 bytes).
    Removing stm32l1xx_tim.o(i.TIM_GetCapture1), (6 bytes).
    Removing stm32l1xx_tim.o(i.TIM_GetCapture2), (6 bytes).
    Removing stm32l1xx_tim.o(i.TIM_GetCapture3), (6 bytes).
    Removing stm32l1xx_tim.o(i.TIM_GetCapture4), (6 bytes).
    Removing stm32l1xx_tim.o(i.TIM_GetCounter), (6 bytes).
    Removing stm32l1xx_tim.o(i.TIM_GetFlagStatus), (18 bytes).
    Removing stm32l1xx_tim.o(i.TIM_GetITStatus), (34 bytes).
    Removing stm32l1xx_tim.o(i.TIM_GetPrescaler), (6 bytes).
    Removing stm32l1xx_tim.o(i.TIM_ICInit), (110 bytes).
    Removing stm32l1xx_tim.o(i.TIM_ICStructInit), (18 bytes).
    Removing stm32l1xx_tim.o(i.TIM_ITConfig), (18 bytes).
    Removing stm32l1xx_tim.o(i.TIM_ITRxExternalClockConfig), (24 bytes).
    Removing stm32l1xx_tim.o(i.TIM_InternalClockConfig), (12 bytes).
    Removing stm32l1xx_tim.o(i.TIM_OC1FastConfig), (18 bytes).
    Removing stm32l1xx_tim.o(i.TIM_OC1Init), (56 bytes).
    Removing stm32l1xx_tim.o(i.TIM_OC1PolarityConfig), (18 bytes).
    Removing stm32l1xx_tim.o(i.TIM_OC1PreloadConfig), (18 bytes).
    Removing stm32l1xx_tim.o(i.TIM_OC2FastConfig), (26 bytes).
    Removing stm32l1xx_tim.o(i.TIM_OC2Init), (70 bytes).
    Removing stm32l1xx_tim.o(i.TIM_OC2PolarityConfig), (26 bytes).
    Removing stm32l1xx_tim.o(i.TIM_OC2PreloadConfig), (26 bytes).
    Removing stm32l1xx_tim.o(i.TIM_OC3FastConfig), (18 bytes).
    Removing stm32l1xx_tim.o(i.TIM_OC3Init), (66 bytes).
    Removing stm32l1xx_tim.o(i.TIM_OC3PolarityConfig), (26 bytes).
    Removing stm32l1xx_tim.o(i.TIM_OC3PreloadConfig), (18 bytes).
    Removing stm32l1xx_tim.o(i.TIM_OC4FastConfig), (26 bytes).
    Removing stm32l1xx_tim.o(i.TIM_OC4Init), (70 bytes).
    Removing stm32l1xx_tim.o(i.TIM_OC4PolarityConfig), (26 bytes).
    Removing stm32l1xx_tim.o(i.TIM_OC4PreloadConfig), (26 bytes).
    Removing stm32l1xx_tim.o(i.TIM_OCStructInit), (12 bytes).
    Removing stm32l1xx_tim.o(i.TIM_PWMIConfig), (124 bytes).
    Removing stm32l1xx_tim.o(i.TIM_PrescalerConfig), (6 bytes).
    Removing stm32l1xx_tim.o(i.TIM_RemapConfig), (22 bytes).
    Removing stm32l1xx_tim.o(i.TIM_SelectCCDMA), (24 bytes).
    Removing stm32l1xx_tim.o(i.TIM_SelectHallSensor), (24 bytes).
    Removing stm32l1xx_tim.o(i.TIM_SelectInputTrigger), (18 bytes).
    Removing stm32l1xx_tim.o(i.TIM_SelectMasterSlaveMode), (18 bytes).
    Removing stm32l1xx_tim.o(i.TIM_SelectOCREFClear), (18 bytes).
    Removing stm32l1xx_tim.o(i.TIM_SelectOCxM), (82 bytes).
    Removing stm32l1xx_tim.o(i.TIM_SelectOnePulseMode), (18 bytes).
    Removing stm32l1xx_tim.o(i.TIM_SelectOutputTrigger), (18 bytes).
    Removing stm32l1xx_tim.o(i.TIM_SelectSlaveMode), (18 bytes).
    Removing stm32l1xx_tim.o(i.TIM_SetAutoreload), (4 bytes).
    Removing stm32l1xx_tim.o(i.TIM_SetClockDivision), (18 bytes).
    Removing stm32l1xx_tim.o(i.TIM_SetCompare1), (4 bytes).
    Removing stm32l1xx_tim.o(i.TIM_SetCompare2), (4 bytes).
    Removing stm32l1xx_tim.o(i.TIM_SetCompare3), (4 bytes).
    Removing stm32l1xx_tim.o(i.TIM_SetCompare4), (4 bytes).
    Removing stm32l1xx_tim.o(i.TIM_SetCounter), (4 bytes).
    Removing stm32l1xx_tim.o(i.TIM_SetIC1Prescaler), (18 bytes).
    Removing stm32l1xx_tim.o(i.TIM_SetIC2Prescaler), (26 bytes).
    Removing stm32l1xx_tim.o(i.TIM_SetIC3Prescaler), (18 bytes).
    Removing stm32l1xx_tim.o(i.TIM_SetIC4Prescaler), (26 bytes).
    Removing stm32l1xx_tim.o(i.TIM_TIxExternalClockConfig), (62 bytes).
    Removing stm32l1xx_tim.o(i.TIM_TimeBaseInit), (96 bytes).
    Removing stm32l1xx_tim.o(i.TIM_TimeBaseStructInit), (16 bytes).
    Removing stm32l1xx_tim.o(i.TIM_UpdateDisableConfig), (24 bytes).
    Removing stm32l1xx_tim.o(i.TIM_UpdateRequestConfig), (24 bytes).
    Removing stm32l1xx_usart.o(.rev16_text), (4 bytes).
    Removing stm32l1xx_usart.o(.revsh_text), (4 bytes).
    Removing stm32l1xx_usart.o(i.USART_ClearFlag), (18 bytes).
    Removing stm32l1xx_usart.o(i.USART_ClockInit), (32 bytes).
    Removing stm32l1xx_usart.o(i.USART_ClockStructInit), (12 bytes).
    Removing stm32l1xx_usart.o(i.USART_DMACmd), (18 bytes).
    Removing stm32l1xx_usart.o(i.USART_DeInit), (156 bytes).
    Removing stm32l1xx_usart.o(i.USART_HalfDuplexCmd), (24 bytes).
    Removing stm32l1xx_usart.o(i.USART_IrDACmd), (24 bytes).
    Removing stm32l1xx_usart.o(i.USART_IrDAConfig), (18 bytes).
    Removing stm32l1xx_usart.o(i.USART_LINBreakDetectLengthConfig), (18 bytes).
    Removing stm32l1xx_usart.o(i.USART_LINCmd), (24 bytes).
    Removing stm32l1xx_usart.o(i.USART_OneBitMethodCmd), (24 bytes).
    Removing stm32l1xx_usart.o(i.USART_OverSampling8Cmd), (22 bytes).
    Removing stm32l1xx_usart.o(i.USART_ReceiverWakeUpCmd), (24 bytes).
    Removing stm32l1xx_usart.o(i.USART_SendBreak), (10 bytes).
    Removing stm32l1xx_usart.o(i.USART_SetAddress), (18 bytes).
    Removing stm32l1xx_usart.o(i.USART_SetGuardTime), (16 bytes).
    Removing stm32l1xx_usart.o(i.USART_SetPrescaler), (16 bytes).
    Removing stm32l1xx_usart.o(i.USART_SmartCardCmd), (24 bytes).
    Removing stm32l1xx_usart.o(i.USART_SmartCardNACKCmd), (24 bytes).
    Removing stm32l1xx_usart.o(i.USART_StructInit), (24 bytes).
    Removing stm32l1xx_usart.o(i.USART_WakeUpConfig), (18 bytes).
    Removing stm32l1xx_wwdg.o(.rev16_text), (4 bytes).
    Removing stm32l1xx_wwdg.o(.revsh_text), (4 bytes).
    Removing stm32l1xx_wwdg.o(i.WWDG_ClearFlag), (12 bytes).
    Removing stm32l1xx_wwdg.o(i.WWDG_DeInit), (22 bytes).
    Removing stm32l1xx_wwdg.o(i.WWDG_Enable), (16 bytes).
    Removing stm32l1xx_wwdg.o(i.WWDG_EnableIT), (12 bytes).
    Removing stm32l1xx_wwdg.o(i.WWDG_GetFlagStatus), (20 bytes).
    Removing stm32l1xx_wwdg.o(i.WWDG_SetCounter), (16 bytes).
    Removing stm32l1xx_wwdg.o(i.WWDG_SetPrescaler), (24 bytes).
    Removing stm32l1xx_wwdg.o(i.WWDG_SetWindowValue), (40 bytes).

607 unused section(s) (total 22217 bytes) removed from the image.

==============================================================================

Image Symbol Table

    Local Symbols

    Symbol Name                              Value     Ov Type        Size  Object(Section)

    ../clib/angel/boardlib.s                 0x00000000   Number         0  boardinit1.o ABSOLUTE
    ../clib/angel/boardlib.s                 0x00000000   Number         0  boardinit2.o ABSOLUTE
    ../clib/angel/boardlib.s                 0x00000000   Number         0  boardinit3.o ABSOLUTE
    ../clib/angel/boardlib.s                 0x00000000   Number         0  boardshut.o ABSOLUTE
    ../clib/angel/handlers.s                 0x00000000   Number         0  __scatter_zi.o ABSOLUTE
    ../clib/angel/handlers.s                 0x00000000   Number         0  __scatter_copy.o ABSOLUTE
    ../clib/angel/kernel.s                   0x00000000   Number         0  __rtentry.o ABSOLUTE
    ../clib/angel/kernel.s                   0x00000000   Number         0  rtexit.o ABSOLUTE
    ../clib/angel/kernel.s                   0x00000000   Number         0  __rtentry4.o ABSOLUTE
    ../clib/angel/kernel.s                   0x00000000   Number         0  rtexit2.o ABSOLUTE
    ../clib/angel/kernel.s                   0x00000000   Number         0  __rtentry2.o ABSOLUTE
    ../clib/angel/rt.s                       0x00000000   Number         0  rt_heap_descriptor.o ABSOLUTE
    ../clib/angel/rt.s                       0x00000000   Number         0  rt_raise.o ABSOLUTE
    ../clib/angel/rt.s                       0x00000000   Number         0  rt_heap_descriptor_intlibspace.o ABSOLUTE
    ../clib/angel/scatter.s                  0x00000000   Number         0  __scatter.o ABSOLUTE
    ../clib/angel/startup.s                  0x00000000   Number         0  __main.o ABSOLUTE
    ../clib/angel/sys.s                      0x00000000   Number         0  mutex_dummy.o ABSOLUTE
    ../clib/angel/sys.s                      0x00000000   Number         0  libspace.o ABSOLUTE
    ../clib/angel/sys.s                      0x00000000   Number         0  use_no_semi.o ABSOLUTE
    ../clib/angel/sys.s                      0x00000000   Number         0  indicate_semi.o ABSOLUTE
    ../clib/angel/sys.s                      0x00000000   Number         0  sys_stackheap_outer.o ABSOLUTE
    ../clib/angel/sysapp.c                   0x00000000   Number         0  sys_command.o ABSOLUTE
    ../clib/angel/sysapp.c                   0x00000000   Number         0  sys_wrch.o ABSOLUTE
    ../clib/angel/sysapp.c                   0x00000000   Number         0  sys_exit.o ABSOLUTE
    ../clib/armsys.c                         0x00000000   Number         0  argv_veneer.o ABSOLUTE
    ../clib/armsys.c                         0x00000000   Number         0  argv_veneer.o ABSOLUTE
    ../clib/armsys.c                         0x00000000   Number         0  _get_argv.o ABSOLUTE
    ../clib/armsys.c                         0x00000000   Number         0  _get_argv_nomalloc.o ABSOLUTE
    ../clib/armsys.c                         0x00000000   Number         0  no_argv.o ABSOLUTE
    ../clib/heap1.c                          0x00000000   Number         0  h1_extend_mt.o ABSOLUTE
    ../clib/heap1.c                          0x00000000   Number         0  h1_free_mt.o ABSOLUTE
    ../clib/heap1.c                          0x00000000   Number         0  h1_init.o ABSOLUTE
    ../clib/heap1.c                          0x00000000   Number         0  h1_extend.o ABSOLUTE
    ../clib/heap1.c                          0x00000000   Number         0  h1_alloc.o ABSOLUTE
    ../clib/heap1.c                          0x00000000   Number         0  h1_alloc_mt.o ABSOLUTE
    ../clib/heap1.c                          0x00000000   Number         0  h1_final_mt.o ABSOLUTE
    ../clib/heap1.c                          0x00000000   Number         0  h1_free.o ABSOLUTE
    ../clib/heap1.c                          0x00000000   Number         0  h1_final.o ABSOLUTE
    ../clib/heap1.c                          0x00000000   Number         0  h1_init_mt.o ABSOLUTE
    ../clib/heap2.c                          0x00000000   Number         0  heap2.o ABSOLUTE
    ../clib/heap2.c                          0x00000000   Number         0  heap2mt.o ABSOLUTE
    ../clib/heap2.c                          0x00000000   Number         0  fdtree.o ABSOLUTE
    ../clib/heapalloc.c                      0x00000000   Number         0  maybetermalloc2.o ABSOLUTE
    ../clib/heapalloc.c                      0x00000000   Number         0  maybetermalloc2.o ABSOLUTE
    ../clib/heapalloc.c                      0x00000000   Number         0  hrguard.o ABSOLUTE
    ../clib/heapalloc.c                      0x00000000   Number         0  free.o ABSOLUTE
    ../clib/heapalloc.c                      0x00000000   Number         0  hguard.o ABSOLUTE
    ../clib/heapalloc.c                      0x00000000   Number         0  init_alloc.o ABSOLUTE
    ../clib/heapalloc.c                      0x00000000   Number         0  heapstubs.o ABSOLUTE
    ../clib/heapalloc.c                      0x00000000   Number         0  term_alloc.o ABSOLUTE
    ../clib/heapalloc.c                      0x00000000   Number         0  maybetermalloc1.o ABSOLUTE
    ../clib/heapalloc.c                      0x00000000   Number         0  maybetermalloc1.o ABSOLUTE
    ../clib/heapalloc.c                      0x00000000   Number         0  malloc.o ABSOLUTE
    ../clib/heapaux.c                        0x00000000   Number         0  heapauxi.o ABSOLUTE
    ../clib/heapaux.c                        0x00000000   Number         0  heapauxa.o ABSOLUTE
    ../clib/libinit.s                        0x00000000   Number         0  libshutdown.o ABSOLUTE
    ../clib/libinit.s                        0x00000000   Number         0  libinit.o ABSOLUTE
    ../clib/libinit.s                        0x00000000   Number         0  libinit2.o ABSOLUTE
    ../clib/libinit.s                        0x00000000   Number         0  libshutdown2.o ABSOLUTE
    ../clib/memcpset.s                       0x00000000   Number         0  rt_memclr_w.o ABSOLUTE
    ../clib/memcpset.s                       0x00000000   Number         0  rt_memcpy_w.o ABSOLUTE
    ../clib/memcpset.s                       0x00000000   Number         0  rt_memcpy_v6.o ABSOLUTE
    ../clib/memcpset.s                       0x00000000   Number         0  rt_memclr.o ABSOLUTE
    ../clib/memcpset.s                       0x00000000   Number         0  aeabi_memset.o ABSOLUTE
    ../clib/signal.c                         0x00000000   Number         0  defsig_abrt_inner.o ABSOLUTE
    ../clib/signal.c                         0x00000000   Number         0  defsig_other.o ABSOLUTE
    ../clib/signal.c                         0x00000000   Number         0  defsig_segv_inner.o ABSOLUTE
    ../clib/signal.c                         0x00000000   Number         0  defsig_cppl_inner.o ABSOLUTE
    ../clib/signal.c                         0x00000000   Number         0  defsig_pvfn_inner.o ABSOLUTE
    ../clib/signal.c                         0x00000000   Number         0  defsig_stak_inner.o ABSOLUTE
    ../clib/signal.c                         0x00000000   Number         0  defsig_rtred_inner.o ABSOLUTE
    ../clib/signal.c                         0x00000000   Number         0  defsig_fpe_inner.o ABSOLUTE
    ../clib/signal.c                         0x00000000   Number         0  defsig_general.o ABSOLUTE
    ../clib/signal.c                         0x00000000   Number         0  __raise.o ABSOLUTE
    ../clib/signal.c                         0x00000000   Number         0  defsig_rtmem_inner.o ABSOLUTE
    ../clib/signal.c                         0x00000000   Number         0  defsig_exit.o ABSOLUTE
    ../clib/signal.c                         0x00000000   Number         0  defsig_rtmem_formal.o ABSOLUTE
    ../clib/signal.c                         0x00000000   Number         0  defsig_rtmem_outer.o ABSOLUTE
    ../clib/signal.s                         0x00000000   Number         0  defsig.o ABSOLUTE
    ../clib/stdlib.c                         0x00000000   Number         0  exit.o ABSOLUTE
    ../clib/string.c                         0x00000000   Number         0  strlen.o ABSOLUTE
    ../fplib/ddiv.s                          0x00000000   Number         0  ddiv.o ABSOLUTE
    ../fplib/dfix.s                          0x00000000   Number         0  dfix.o ABSOLUTE
    ../fplib/dflt.s                          0x00000000   Number         0  dflt_clz.o ABSOLUTE
    ../fplib/dmul.s                          0x00000000   Number         0  dmul.o ABSOLUTE
    ../fplib/dnaninf.s                       0x00000000   Number         0  dnaninf.o ABSOLUTE
    ../fplib/dretinf.s                       0x00000000   Number         0  dretinf.o ABSOLUTE
    ../fplib/fpinit.s                        0x00000000   Number         0  fpinit.o ABSOLUTE
    ../fplib/usenofp.s                       0x00000000   Number         0  usenofp.o ABSOLUTE
    ..\CMSIS\system_stm32l1xx.c              0x00000000   Number         0  system_stm32l1xx.o ABSOLUTE
    ..\Lib\src\misc.c                        0x00000000   Number         0  misc.o ABSOLUTE
    ..\Lib\src\stm32l1xx_adc.c               0x00000000   Number         0  stm32l1xx_adc.o ABSOLUTE
    ..\Lib\src\stm32l1xx_aes.c               0x00000000   Number         0  stm32l1xx_aes.o ABSOLUTE
    ..\Lib\src\stm32l1xx_aes_util.c          0x00000000   Number         0  stm32l1xx_aes_util.o ABSOLUTE
    ..\Lib\src\stm32l1xx_comp.c              0x00000000   Number         0  stm32l1xx_comp.o ABSOLUTE
    ..\Lib\src\stm32l1xx_crc.c               0x00000000   Number         0  stm32l1xx_crc.o ABSOLUTE
    ..\Lib\src\stm32l1xx_dac.c               0x00000000   Number         0  stm32l1xx_dac.o ABSOLUTE
    ..\Lib\src\stm32l1xx_dbgmcu.c            0x00000000   Number         0  stm32l1xx_dbgmcu.o ABSOLUTE
    ..\Lib\src\stm32l1xx_dma.c               0x00000000   Number         0  stm32l1xx_dma.o ABSOLUTE
    ..\Lib\src\stm32l1xx_exti.c              0x00000000   Number         0  stm32l1xx_exti.o ABSOLUTE
    ..\Lib\src\stm32l1xx_flash.c             0x00000000   Number         0  stm32l1xx_flash.o ABSOLUTE
    ..\Lib\src\stm32l1xx_flash_ramfunc.c     0x00000000   Number         0  stm32l1xx_flash_ramfunc.o ABSOLUTE
    ..\Lib\src\stm32l1xx_fsmc.c              0x00000000   Number         0  stm32l1xx_fsmc.o ABSOLUTE
    ..\Lib\src\stm32l1xx_gpio.c              0x00000000   Number         0  stm32l1xx_gpio.o ABSOLUTE
    ..\Lib\src\stm32l1xx_i2c.c               0x00000000   Number         0  stm32l1xx_i2c.o ABSOLUTE
    ..\Lib\src\stm32l1xx_iwdg.c              0x00000000   Number         0  stm32l1xx_iwdg.o ABSOLUTE
    ..\Lib\src\stm32l1xx_lcd.c               0x00000000   Number         0  stm32l1xx_lcd.o ABSOLUTE
    ..\Lib\src\stm32l1xx_opamp.c             0x00000000   Number         0  stm32l1xx_opamp.o ABSOLUTE
    ..\Lib\src\stm32l1xx_pwr.c               0x00000000   Number         0  stm32l1xx_pwr.o ABSOLUTE
    ..\Lib\src\stm32l1xx_rcc.c               0x00000000   Number         0  stm32l1xx_rcc.o ABSOLUTE
    ..\Lib\src\stm32l1xx_rtc.c               0x00000000   Number         0  stm32l1xx_rtc.o ABSOLUTE
    ..\Lib\src\stm32l1xx_sdio.c              0x00000000   Number         0  stm32l1xx_sdio.o ABSOLUTE
    ..\Lib\src\stm32l1xx_spi.c               0x00000000   Number         0  stm32l1xx_spi.o ABSOLUTE
    ..\Lib\src\stm32l1xx_syscfg.c            0x00000000   Number         0  stm32l1xx_syscfg.o ABSOLUTE
    ..\Lib\src\stm32l1xx_tim.c               0x00000000   Number         0  stm32l1xx_tim.o ABSOLUTE
    ..\Lib\src\stm32l1xx_usart.c             0x00000000   Number         0  stm32l1xx_usart.o ABSOLUTE
    ..\Lib\src\stm32l1xx_wwdg.c              0x00000000   Number         0  stm32l1xx_wwdg.o ABSOLUTE
    ..\StartUp\startup_stm32l1xx_md.s        0x00000000   Number         0  startup_stm32l1xx_md.o ABSOLUTE
    ..\User\delay\delay.c                    0x00000000   Number         0  delay.o ABSOLUTE
    ..\User\key\key.c                        0x00000000   Number         0  key.o ABSOLUTE
    ..\User\main\main.c                      0x00000000   Number         0  main.o ABSOLUTE
    ..\User\main\stm32l1xx_it.c              0x00000000   Number         0  stm32l1xx_it.o ABSOLUTE
    ..\User\motor_driven\motor_driver.c      0x00000000   Number         0  motor_driver.o ABSOLUTE
    ..\User\protocol\protocol.c              0x00000000   Number         0  protocol.o ABSOLUTE
    ..\User\resistance_level_driven\resistance_level_driver.c 0x00000000   Number         0  resistance_level_driver.o ABSOLUTE
    ..\User\uart\uart.c                      0x00000000   Number         0  uart.o ABSOLUTE
    ..\User\uart\uartdriver.c                0x00000000   Number         0  uartdriver.o ABSOLUTE
    ..\\CMSIS\\system_stm32l1xx.c            0x00000000   Number         0  system_stm32l1xx.o ABSOLUTE
    ..\\Lib\\src\\misc.c                     0x00000000   Number         0  misc.o ABSOLUTE
    ..\\Lib\\src\\stm32l1xx_adc.c            0x00000000   Number         0  stm32l1xx_adc.o ABSOLUTE
    ..\\Lib\\src\\stm32l1xx_aes.c            0x00000000   Number         0  stm32l1xx_aes.o ABSOLUTE
    ..\\Lib\\src\\stm32l1xx_aes_util.c       0x00000000   Number         0  stm32l1xx_aes_util.o ABSOLUTE
    ..\\Lib\\src\\stm32l1xx_comp.c           0x00000000   Number         0  stm32l1xx_comp.o ABSOLUTE
    ..\\Lib\\src\\stm32l1xx_crc.c            0x00000000   Number         0  stm32l1xx_crc.o ABSOLUTE
    ..\\Lib\\src\\stm32l1xx_dac.c            0x00000000   Number         0  stm32l1xx_dac.o ABSOLUTE
    ..\\Lib\\src\\stm32l1xx_dbgmcu.c         0x00000000   Number         0  stm32l1xx_dbgmcu.o ABSOLUTE
    ..\\Lib\\src\\stm32l1xx_dma.c            0x00000000   Number         0  stm32l1xx_dma.o ABSOLUTE
    ..\\Lib\\src\\stm32l1xx_exti.c           0x00000000   Number         0  stm32l1xx_exti.o ABSOLUTE
    ..\\Lib\\src\\stm32l1xx_flash.c          0x00000000   Number         0  stm32l1xx_flash.o ABSOLUTE
    ..\\Lib\\src\\stm32l1xx_flash_ramfunc.c  0x00000000   Number         0  stm32l1xx_flash_ramfunc.o ABSOLUTE
    ..\\Lib\\src\\stm32l1xx_fsmc.c           0x00000000   Number         0  stm32l1xx_fsmc.o ABSOLUTE
    ..\\Lib\\src\\stm32l1xx_gpio.c           0x00000000   Number         0  stm32l1xx_gpio.o ABSOLUTE
    ..\\Lib\\src\\stm32l1xx_i2c.c            0x00000000   Number         0  stm32l1xx_i2c.o ABSOLUTE
    ..\\Lib\\src\\stm32l1xx_iwdg.c           0x00000000   Number         0  stm32l1xx_iwdg.o ABSOLUTE
    ..\\Lib\\src\\stm32l1xx_lcd.c            0x00000000   Number         0  stm32l1xx_lcd.o ABSOLUTE
    ..\\Lib\\src\\stm32l1xx_opamp.c          0x00000000   Number         0  stm32l1xx_opamp.o ABSOLUTE
    ..\\Lib\\src\\stm32l1xx_pwr.c            0x00000000   Number         0  stm32l1xx_pwr.o ABSOLUTE
    ..\\Lib\\src\\stm32l1xx_rcc.c            0x00000000   Number         0  stm32l1xx_rcc.o ABSOLUTE
    ..\\Lib\\src\\stm32l1xx_rtc.c            0x00000000   Number         0  stm32l1xx_rtc.o ABSOLUTE
    ..\\Lib\\src\\stm32l1xx_sdio.c           0x00000000   Number         0  stm32l1xx_sdio.o ABSOLUTE
    ..\\Lib\\src\\stm32l1xx_spi.c            0x00000000   Number         0  stm32l1xx_spi.o ABSOLUTE
    ..\\Lib\\src\\stm32l1xx_syscfg.c         0x00000000   Number         0  stm32l1xx_syscfg.o ABSOLUTE
    ..\\Lib\\src\\stm32l1xx_tim.c            0x00000000   Number         0  stm32l1xx_tim.o ABSOLUTE
    ..\\Lib\\src\\stm32l1xx_usart.c          0x00000000   Number         0  stm32l1xx_usart.o ABSOLUTE
    ..\\Lib\\src\\stm32l1xx_wwdg.c           0x00000000   Number         0  stm32l1xx_wwdg.o ABSOLUTE
    ..\\User\\delay\\delay.c                 0x00000000   Number         0  delay.o ABSOLUTE
    ..\\User\\key\\key.c                     0x00000000   Number         0  key.o ABSOLUTE
    ..\\User\\main\\main.c                   0x00000000   Number         0  main.o ABSOLUTE
    ..\\User\\main\\stm32l1xx_it.c           0x00000000   Number         0  stm32l1xx_it.o ABSOLUTE
    ..\\User\\motor_driven\\motor_driver.c   0x00000000   Number         0  motor_driver.o ABSOLUTE
    ..\\User\\protocol\\protocol.c           0x00000000   Number         0  protocol.o ABSOLUTE
    ..\\User\\resistance_level_driven\\resistance_level_driver.c 0x00000000   Number         0  resistance_level_driver.o ABSOLUTE
    ..\\User\\uart\\uart.c                   0x00000000   Number         0  uart.o ABSOLUTE
    ..\\User\\uart\\uartdriver.c             0x00000000   Number         0  uartdriver.o ABSOLUTE
    dc.s                                     0x00000000   Number         0  dc.o ABSOLUTE
    RESET                                    0x08000000   Section      244  startup_stm32l1xx_md.o(RESET)
    !!!main                                  0x080000f4   Section        8  __main.o(!!!main)
    !!!scatter                               0x080000fc   Section       52  __scatter.o(!!!scatter)
    !!handler_copy                           0x08000130   Section       26  __scatter_copy.o(!!handler_copy)
    !!handler_zi                             0x0800014c   Section       28  __scatter_zi.o(!!handler_zi)
    .ARM.Collect$$libinit$$00000000          0x08000168   Section        2  libinit.o(.ARM.Collect$$libinit$$00000000)
    .ARM.Collect$$libinit$$00000002          0x0800016a   Section        0  libinit2.o(.ARM.Collect$$libinit$$00000002)
    .ARM.Collect$$libinit$$00000004          0x0800016a   Section        0  libinit2.o(.ARM.Collect$$libinit$$00000004)
    .ARM.Collect$$libinit$$00000005          0x0800016a   Section        8  libinit2.o(.ARM.Collect$$libinit$$00000005)
    .ARM.Collect$$libinit$$0000000A          0x08000172   Section        0  libinit2.o(.ARM.Collect$$libinit$$0000000A)
    .ARM.Collect$$libinit$$0000000C          0x08000172   Section        0  libinit2.o(.ARM.Collect$$libinit$$0000000C)
    .ARM.Collect$$libinit$$0000000E          0x08000172   Section        0  libinit2.o(.ARM.Collect$$libinit$$0000000E)
    .ARM.Collect$$libinit$$00000011          0x08000172   Section        0  libinit2.o(.ARM.Collect$$libinit$$00000011)
    .ARM.Collect$$libinit$$00000013          0x08000172   Section        0  libinit2.o(.ARM.Collect$$libinit$$00000013)
    .ARM.Collect$$libinit$$00000015          0x08000172   Section        0  libinit2.o(.ARM.Collect$$libinit$$00000015)
    .ARM.Collect$$libinit$$00000017          0x08000172   Section        0  libinit2.o(.ARM.Collect$$libinit$$00000017)
    .ARM.Collect$$libinit$$00000019          0x08000172   Section        0  libinit2.o(.ARM.Collect$$libinit$$00000019)
    .ARM.Collect$$libinit$$0000001B          0x08000172   Section        0  libinit2.o(.ARM.Collect$$libinit$$0000001B)
    .ARM.Collect$$libinit$$0000001D          0x08000172   Section        0  libinit2.o(.ARM.Collect$$libinit$$0000001D)
    .ARM.Collect$$libinit$$0000001F          0x08000172   Section        0  libinit2.o(.ARM.Collect$$libinit$$0000001F)
    .ARM.Collect$$libinit$$00000021          0x08000172   Section        0  libinit2.o(.ARM.Collect$$libinit$$00000021)
    .ARM.Collect$$libinit$$00000023          0x08000172   Section        0  libinit2.o(.ARM.Collect$$libinit$$00000023)
    .ARM.Collect$$libinit$$00000025          0x08000172   Section        0  libinit2.o(.ARM.Collect$$libinit$$00000025)
    .ARM.Collect$$libinit$$0000002C          0x08000172   Section        0  libinit2.o(.ARM.Collect$$libinit$$0000002C)
    .ARM.Collect$$libinit$$0000002E          0x08000172   Section        0  libinit2.o(.ARM.Collect$$libinit$$0000002E)
    .ARM.Collect$$libinit$$00000030          0x08000172   Section        0  libinit2.o(.ARM.Collect$$libinit$$00000030)
    .ARM.Collect$$libinit$$00000032          0x08000172   Section        0  libinit2.o(.ARM.Collect$$libinit$$00000032)
    .ARM.Collect$$libinit$$00000033          0x08000172   Section        2  libinit2.o(.ARM.Collect$$libinit$$00000033)
    .ARM.Collect$$libshutdown$$00000000      0x08000174   Section        2  libshutdown.o(.ARM.Collect$$libshutdown$$00000000)
    .ARM.Collect$$libshutdown$$00000002      0x08000176   Section        0  libshutdown2.o(.ARM.Collect$$libshutdown$$00000002)
    .ARM.Collect$$libshutdown$$00000004      0x08000176   Section        0  libshutdown2.o(.ARM.Collect$$libshutdown$$00000004)
    .ARM.Collect$$libshutdown$$00000007      0x08000176   Section        0  libshutdown2.o(.ARM.Collect$$libshutdown$$00000007)
    .ARM.Collect$$libshutdown$$0000000A      0x08000176   Section        0  libshutdown2.o(.ARM.Collect$$libshutdown$$0000000A)
    .ARM.Collect$$libshutdown$$0000000C      0x08000176   Section        0  libshutdown2.o(.ARM.Collect$$libshutdown$$0000000C)
    .ARM.Collect$$libshutdown$$0000000F      0x08000176   Section        0  libshutdown2.o(.ARM.Collect$$libshutdown$$0000000F)
    .ARM.Collect$$libshutdown$$00000010      0x08000176   Section        2  libshutdown2.o(.ARM.Collect$$libshutdown$$00000010)
    .ARM.Collect$$rtentry$$00000000          0x08000178   Section        0  __rtentry.o(.ARM.Collect$$rtentry$$00000000)
    .ARM.Collect$$rtentry$$00000002          0x08000178   Section        0  __rtentry2.o(.ARM.Collect$$rtentry$$00000002)
    .ARM.Collect$$rtentry$$00000004          0x08000178   Section        6  __rtentry4.o(.ARM.Collect$$rtentry$$00000004)
    .ARM.Collect$$rtentry$$00000009          0x0800017e   Section        0  __rtentry2.o(.ARM.Collect$$rtentry$$00000009)
    .ARM.Collect$$rtentry$$0000000A          0x0800017e   Section        4  __rtentry2.o(.ARM.Collect$$rtentry$$0000000A)
    .ARM.Collect$$rtentry$$0000000C          0x08000182   Section        0  __rtentry2.o(.ARM.Collect$$rtentry$$0000000C)
    .ARM.Collect$$rtentry$$0000000D          0x08000182   Section        8  __rtentry2.o(.ARM.Collect$$rtentry$$0000000D)
    .ARM.Collect$$rtexit$$00000000           0x0800018a   Section        2  rtexit.o(.ARM.Collect$$rtexit$$00000000)
    .ARM.Collect$$rtexit$$00000002           0x0800018c   Section        0  rtexit2.o(.ARM.Collect$$rtexit$$00000002)
    .ARM.Collect$$rtexit$$00000003           0x0800018c   Section        4  rtexit2.o(.ARM.Collect$$rtexit$$00000003)
    .ARM.Collect$$rtexit$$00000004           0x08000190   Section        6  rtexit2.o(.ARM.Collect$$rtexit$$00000004)
    .emb_text                                0x08000198   Section        0  maybetermalloc1.o(.emb_text)
    .text                                    0x08000198   Section       64  startup_stm32l1xx_md.o(.text)
    .text                                    0x080001d8   Section        0  h1_alloc.o(.text)
    .text                                    0x08000236   Section        0  h1_free.o(.text)
    .text                                    0x08000284   Section        0  strlen.o(.text)
    .text                                    0x080002c2   Section      138  rt_memcpy_v6.o(.text)
    .text                                    0x0800034c   Section       16  aeabi_memset.o(.text)
    .text                                    0x0800035c   Section       68  rt_memclr.o(.text)
    .text                                    0x080003a0   Section        0  heapauxi.o(.text)
    .text                                    0x080003a8   Section        8  rt_heap_descriptor_intlibspace.o(.text)
    .text                                    0x080003b0   Section        0  hguard.o(.text)
    .text                                    0x080003b4   Section        0  init_alloc.o(.text)
    .text                                    0x0800043e   Section        0  h1_init.o(.text)
    .text                                    0x0800044c   Section      100  rt_memcpy_w.o(.text)
    .text                                    0x080004b0   Section       78  rt_memclr_w.o(.text)
    .text                                    0x08000500   Section        8  libspace.o(.text)
    .text                                    0x08000508   Section        0  h1_extend.o(.text)
    .text                                    0x0800053c   Section        0  defsig_rtmem_outer.o(.text)
    .text                                    0x0800054a   Section        2  use_no_semi.o(.text)
    .text                                    0x0800054c   Section       74  sys_stackheap_outer.o(.text)
    .text                                    0x0800054c   Section        0  indicate_semi.o(.text)
    .text                                    0x08000596   Section        0  exit.o(.text)
    .text                                    0x080005a8   Section        0  defsig_exit.o(.text)
    .text                                    0x080005b4   Section        0  defsig_rtmem_inner.o(.text)
    .text                                    0x08000604   Section        0  sys_exit.o(.text)
    .text                                    0x08000610   Section        0  defsig_general.o(.text)
    .text                                    0x08000642   Section        0  sys_wrch.o(.text)
    i.ADC_Cmd                                0x08000650   Section        0  stm32l1xx_adc.o(i.ADC_Cmd)
    i.ADC_DeInit                             0x08000668   Section        0  stm32l1xx_adc.o(i.ADC_DeInit)
    i.ADC_GetConversionValue                 0x08000688   Section        0  stm32l1xx_adc.o(i.ADC_GetConversionValue)
    i.ADC_GetFlagStatus                      0x08000690   Section        0  stm32l1xx_adc.o(i.ADC_GetFlagStatus)
    i.ADC_Init                               0x080006a4   Section        0  stm32l1xx_adc.o(i.ADC_Init)
    i.ADC_RegularChannelConfig               0x080006f8   Section        0  stm32l1xx_adc.o(i.ADC_RegularChannelConfig)
    i.ADC_SoftwareStartConv                  0x08000850   Section        0  stm32l1xx_adc.o(i.ADC_SoftwareStartConv)
    i.BusFault_Handler                       0x0800085a   Section        0  stm32l1xx_it.o(i.BusFault_Handler)
    i.DebugMon_Handler                       0x0800085e   Section        0  stm32l1xx_it.o(i.DebugMon_Handler)
    i.Delay_ms                               0x08000860   Section        0  delay.o(i.Delay_ms)
    i.Delay_us                               0x08000882   Section        0  delay.o(i.Delay_us)
    i.GPIO_Init                              0x08000894   Section        0  stm32l1xx_gpio.o(i.GPIO_Init)
    i.GPIO_PinAFConfig                       0x08000918   Section        0  stm32l1xx_gpio.o(i.GPIO_PinAFConfig)
    i.GPIO_ResetBits                         0x0800095e   Section        0  stm32l1xx_gpio.o(i.GPIO_ResetBits)
    i.GPIO_SetBits                           0x08000962   Section        0  stm32l1xx_gpio.o(i.GPIO_SetBits)
    i.Get_Resistance_Level_VValue            0x08000968   Section        0  resistance_level_driver.o(i.Get_Resistance_Level_VValue)
    i.HardFault_Handler                      0x08000a0c   Section        0  stm32l1xx_it.o(i.HardFault_Handler)
    i.HexStr2Integer                         0x08000a10   Section        0  protocol.o(i.HexStr2Integer)
    i.IntToHexChar                           0x08000af2   Section        0  protocol.o(i.IntToHexChar)
    i.Logic                                  0x08000b44   Section        0  main.o(i.Logic)
    i.MemManage_Handler                      0x08000b5c   Section        0  stm32l1xx_it.o(i.MemManage_Handler)
    i.Motor_Forward                          0x08000b60   Section        0  motor_driver.o(i.Motor_Forward)
    i.Motor_GPIO_Init                        0x08000b7c   Section        0  motor_driver.o(i.Motor_GPIO_Init)
    i.Motor_ResistanceAdjustment             0x08000bb4   Section        0  motor_driver.o(i.Motor_ResistanceAdjustment)
    i.Motor_Reverse                          0x08000c24   Section        0  motor_driver.o(i.Motor_Reverse)
    i.Motor_Stop                             0x08000c40   Section        0  motor_driver.o(i.Motor_Stop)
    i.NMI_Handler                            0x08000c5c   Section        0  stm32l1xx_it.o(i.NMI_Handler)
    i.NVIC_Init                              0x08000c60   Section        0  misc.o(i.NVIC_Init)
    i.PROTOCOL_DataAnalysis                  0x08000cd8   Section        0  protocol.o(i.PROTOCOL_DataAnalysis)
    i.PROTOCOL_FunctionAnalysis              0x08000d9c   Section        0  protocol.o(i.PROTOCOL_FunctionAnalysis)
    i.PROTOCOL_ReturnResistanceValue         0x08000ee8   Section        0  protocol.o(i.PROTOCOL_ReturnResistanceValue)
    i.PendSV_Handler                         0x08000f4c   Section        0  stm32l1xx_it.o(i.PendSV_Handler)
    i.RCC_AHBPeriphClockCmd                  0x08000f50   Section        0  stm32l1xx_rcc.o(i.RCC_AHBPeriphClockCmd)
    i.RCC_APB2PeriphClockCmd                 0x08000f70   Section        0  stm32l1xx_rcc.o(i.RCC_APB2PeriphClockCmd)
    i.RCC_APB2PeriphResetCmd                 0x08000f90   Section        0  stm32l1xx_rcc.o(i.RCC_APB2PeriphResetCmd)
    i.RCC_GetClocksFreq                      0x08000fb0   Section        0  stm32l1xx_rcc.o(i.RCC_GetClocksFreq)
    i.RCC_GetFlagStatus                      0x080010b0   Section        0  stm32l1xx_rcc.o(i.RCC_GetFlagStatus)
    i.RCC_HSICmd                             0x080010e4   Section        0  stm32l1xx_rcc.o(i.RCC_HSICmd)
    i.Resistance_Level_ADC_Init              0x080010f0   Section        0  resistance_level_driver.o(i.Resistance_Level_ADC_Init)
    i.SVC_Handler                            0x08001180   Section        0  stm32l1xx_it.o(i.SVC_Handler)
    i.SetSysClock                            0x08001184   Section        0  system_stm32l1xx.o(i.SetSysClock)
    SetSysClock                              0x08001185   Thumb Code   258  system_stm32l1xx.o(i.SetSysClock)
    i.SysTick_Handler                        0x08001294   Section        0  stm32l1xx_it.o(i.SysTick_Handler)
    i.SystemInit                             0x08001298   Section        0  system_stm32l1xx.o(i.SystemInit)
    i.UART_ATT_Config                        0x08001300   Section        0  uartdriver.o(i.UART_ATT_Config)
    i.UART_GPIO_Init                         0x08001368   Section        0  uartdriver.o(i.UART_GPIO_Init)
    i.UART_Init                              0x080013b4   Section        0  uartdriver.o(i.UART_Init)
    i.UART_NVIC_Init                         0x080013e0   Section        0  uartdriver.o(i.UART_NVIC_Init)
    i.UART_ReceiveData                       0x08001400   Section        0  uartdriver.o(i.UART_ReceiveData)
    i.UART_SendData                          0x08001420   Section        0  uart.o(i.UART_SendData)
    i.USART1_IRQHandler                      0x08001454   Section        0  uartdriver.o(i.USART1_IRQHandler)
    i.USART_ClearITPendingBit                0x080014a8   Section        0  stm32l1xx_usart.o(i.USART_ClearITPendingBit)
    i.USART_Cmd                              0x080014c6   Section        0  stm32l1xx_usart.o(i.USART_Cmd)
    i.USART_GetFlagStatus                    0x080014de   Section        0  stm32l1xx_usart.o(i.USART_GetFlagStatus)
    i.USART_GetITStatus                      0x080014f8   Section        0  stm32l1xx_usart.o(i.USART_GetITStatus)
    i.USART_ITConfig                         0x0800154c   Section        0  stm32l1xx_usart.o(i.USART_ITConfig)
    i.USART_Init                             0x08001598   Section        0  stm32l1xx_usart.o(i.USART_Init)
    i.USART_ReceiveData                      0x08001664   Section        0  stm32l1xx_usart.o(i.USART_ReceiveData)
    i.USART_SendData                         0x0800166e   Section        0  stm32l1xx_usart.o(i.USART_SendData)
    i.UsageFault_Handler                     0x08001676   Section        0  stm32l1xx_it.o(i.UsageFault_Handler)
    i.main                                   0x0800167a   Section        0  main.o(i.main)
    x$fpl$ddiv                               0x08001698   Section      688  ddiv.o(x$fpl$ddiv)
    ddiv_entry                               0x0800169f   Thumb Code     0  ddiv.o(x$fpl$ddiv)
    x$fpl$dfix                               0x08001948   Section       94  dfix.o(x$fpl$dfix)
    x$fpl$dflt                               0x080019a6   Section       46  dflt_clz.o(x$fpl$dflt)
    x$fpl$dmul                               0x080019d4   Section      340  dmul.o(x$fpl$dmul)
    x$fpl$dnaninf                            0x08001b28   Section      156  dnaninf.o(x$fpl$dnaninf)
    x$fpl$dretinf                            0x08001bc4   Section       12  dretinf.o(x$fpl$dretinf)
    x$fpl$usenofp                            0x08001bd0   Section        0  usenofp.o(x$fpl$usenofp)
    .data                                    0x20000000   Section        1  protocol.o(.data)
    .data                                    0x20000001   Section       25  stm32l1xx_rcc.o(.data)
    PLLMulTable                              0x20000001   Data           9  stm32l1xx_rcc.o(.data)
    APBAHBPrescTable                         0x2000000a   Data          16  stm32l1xx_rcc.o(.data)
    .bss                                     0x2000001c   Section       44  uartdriver.o(.bss)
    .bss                                     0x20000048   Section       10  protocol.o(.bss)
    .bss                                     0x20000054   Section       96  libspace.o(.bss)
    HEAP                                     0x200000b8   Section      512  startup_stm32l1xx_md.o(HEAP)
    Heap_Mem                                 0x200000b8   Data         512  startup_stm32l1xx_md.o(HEAP)
    STACK                                    0x200002b8   Section     1024  startup_stm32l1xx_md.o(STACK)
    Stack_Mem                                0x200002b8   Data        1024  startup_stm32l1xx_md.o(STACK)
    __initial_sp                             0x200006b8   Data           0  startup_stm32l1xx_md.o(STACK)

    Global Symbols

    Symbol Name                              Value     Ov Type        Size  Object(Section)

    BuildAttributes$$THM_ISAv4$P$D$K$B$S$PE$A:L22UL41UL21$X:L11$S22US41US21$IEEE1$IW$USESV6$~STKCKD$USESV7$~SHL$OTIME$ROPI$EBA8$UX$STANDARDLIB$REQ8$PRES8$EABIv2 0x00000000   Number         0  anon$$obj.o ABSOLUTE
    __ARM_use_no_argv                        0x00000000   Number         0  main.o ABSOLUTE
    __ARM_exceptions_init                     - Undefined Weak Reference
    __alloca_initialize                       - Undefined Weak Reference
    __arm_preinit_                            - Undefined Weak Reference
    __cpp_initialize__aeabi_                  - Undefined Weak Reference
    __cxa_finalize                            - Undefined Weak Reference
    __rt_locale                               - Undefined Weak Reference
    __sigvec_lookup                           - Undefined Weak Reference
    __user_heap_extent                        - Undefined Weak Reference
    _atexit_init                              - Undefined Weak Reference
    _call_atexit_fns                          - Undefined Weak Reference
    _clock_init                               - Undefined Weak Reference
    _fp_trap_init                             - Undefined Weak Reference
    _fp_trap_shutdown                         - Undefined Weak Reference
    _get_lc_collate                           - Undefined Weak Reference
    _get_lc_ctype                             - Undefined Weak Reference
    _get_lc_monetary                          - Undefined Weak Reference
    _get_lc_numeric                           - Undefined Weak Reference
    _get_lc_time                              - Undefined Weak Reference
    _getenv_init                              - Undefined Weak Reference
    _handle_redirection                       - Undefined Weak Reference
    _initio                                   - Undefined Weak Reference
    _mutex_acquire                            - Undefined Weak Reference
    _mutex_free                               - Undefined Weak Reference
    _mutex_release                            - Undefined Weak Reference
    _rand_init                                - Undefined Weak Reference
    _signal_finish                            - Undefined Weak Reference
    _signal_init                              - Undefined Weak Reference
    _terminateio                              - Undefined Weak Reference
    __Vectors_Size                           0x000000f4   Number         0  startup_stm32l1xx_md.o ABSOLUTE
    __Vectors                                0x08000000   Data           4  startup_stm32l1xx_md.o(RESET)
    __Vectors_End                            0x080000f4   Data           0  startup_stm32l1xx_md.o(RESET)
    __main                                   0x080000f5   Thumb Code     8  __main.o(!!!main)
    __scatterload                            0x080000fd   Thumb Code     0  __scatter.o(!!!scatter)
    __scatterload_rt2                        0x080000fd   Thumb Code    44  __scatter.o(!!!scatter)
    __scatterload_rt2_thumb_only             0x080000fd   Thumb Code     0  __scatter.o(!!!scatter)
    __scatterload_null                       0x0800010b   Thumb Code     0  __scatter.o(!!!scatter)
    __scatterload_copy                       0x08000131   Thumb Code    26  __scatter_copy.o(!!handler_copy)
    __scatterload_zeroinit                   0x0800014d   Thumb Code    28  __scatter_zi.o(!!handler_zi)
    __rt_lib_init                            0x08000169   Thumb Code     0  libinit.o(.ARM.Collect$$libinit$$00000000)
    __rt_lib_init_fp_1                       0x0800016b   Thumb Code     0  libinit2.o(.ARM.Collect$$libinit$$00000002)
    __rt_lib_init_heap_2                     0x0800016b   Thumb Code     0  libinit2.o(.ARM.Collect$$libinit$$00000005)
    __rt_lib_init_preinit_1                  0x0800016b   Thumb Code     0  libinit2.o(.ARM.Collect$$libinit$$00000004)
    __rt_lib_init_alloca_1                   0x08000173   Thumb Code     0  libinit2.o(.ARM.Collect$$libinit$$0000002E)
    __rt_lib_init_argv_1                     0x08000173   Thumb Code     0  libinit2.o(.ARM.Collect$$libinit$$0000002C)
    __rt_lib_init_atexit_1                   0x08000173   Thumb Code     0  libinit2.o(.ARM.Collect$$libinit$$0000001B)
    __rt_lib_init_clock_1                    0x08000173   Thumb Code     0  libinit2.o(.ARM.Collect$$libinit$$00000021)
    __rt_lib_init_cpp_1                      0x08000173   Thumb Code     0  libinit2.o(.ARM.Collect$$libinit$$00000032)
    __rt_lib_init_exceptions_1               0x08000173   Thumb Code     0  libinit2.o(.ARM.Collect$$libinit$$00000030)
    __rt_lib_init_fp_trap_1                  0x08000173   Thumb Code     0  libinit2.o(.ARM.Collect$$libinit$$0000001F)
    __rt_lib_init_getenv_1                   0x08000173   Thumb Code     0  libinit2.o(.ARM.Collect$$libinit$$00000023)
    __rt_lib_init_heap_1                     0x08000173   Thumb Code     0  libinit2.o(.ARM.Collect$$libinit$$0000000A)
    __rt_lib_init_lc_collate_1               0x08000173   Thumb Code     0  libinit2.o(.ARM.Collect$$libinit$$00000011)
    __rt_lib_init_lc_ctype_1                 0x08000173   Thumb Code     0  libinit2.o(.ARM.Collect$$libinit$$00000013)
    __rt_lib_init_lc_monetary_1              0x08000173   Thumb Code     0  libinit2.o(.ARM.Collect$$libinit$$00000015)
    __rt_lib_init_lc_numeric_1               0x08000173   Thumb Code     0  libinit2.o(.ARM.Collect$$libinit$$00000017)
    __rt_lib_init_lc_time_1                  0x08000173   Thumb Code     0  libinit2.o(.ARM.Collect$$libinit$$00000019)
    __rt_lib_init_rand_1                     0x08000173   Thumb Code     0  libinit2.o(.ARM.Collect$$libinit$$0000000E)
    __rt_lib_init_return                     0x08000173   Thumb Code     0  libinit2.o(.ARM.Collect$$libinit$$00000033)
    __rt_lib_init_signal_1                   0x08000173   Thumb Code     0  libinit2.o(.ARM.Collect$$libinit$$0000001D)
    __rt_lib_init_stdio_1                    0x08000173   Thumb Code     0  libinit2.o(.ARM.Collect$$libinit$$00000025)
    __rt_lib_init_user_alloc_1               0x08000173   Thumb Code     0  libinit2.o(.ARM.Collect$$libinit$$0000000C)
    __rt_lib_shutdown                        0x08000175   Thumb Code     0  libshutdown.o(.ARM.Collect$$libshutdown$$00000000)
    __rt_lib_shutdown_cpp_1                  0x08000177   Thumb Code     0  libshutdown2.o(.ARM.Collect$$libshutdown$$00000002)
    __rt_lib_shutdown_fp_trap_1              0x08000177   Thumb Code     0  libshutdown2.o(.ARM.Collect$$libshutdown$$00000007)
    __rt_lib_shutdown_heap_1                 0x08000177   Thumb Code     0  libshutdown2.o(.ARM.Collect$$libshutdown$$0000000F)
    __rt_lib_shutdown_return                 0x08000177   Thumb Code     0  libshutdown2.o(.ARM.Collect$$libshutdown$$00000010)
    __rt_lib_shutdown_signal_1               0x08000177   Thumb Code     0  libshutdown2.o(.ARM.Collect$$libshutdown$$0000000A)
    __rt_lib_shutdown_stdio_1                0x08000177   Thumb Code     0  libshutdown2.o(.ARM.Collect$$libshutdown$$00000004)
    __rt_lib_shutdown_user_alloc_1           0x08000177   Thumb Code     0  libshutdown2.o(.ARM.Collect$$libshutdown$$0000000C)
    __rt_entry                               0x08000179   Thumb Code     0  __rtentry.o(.ARM.Collect$$rtentry$$00000000)
    __rt_entry_presh_1                       0x08000179   Thumb Code     0  __rtentry2.o(.ARM.Collect$$rtentry$$00000002)
    __rt_entry_sh                            0x08000179   Thumb Code     0  __rtentry4.o(.ARM.Collect$$rtentry$$00000004)
    __rt_entry_li                            0x0800017f   Thumb Code     0  __rtentry2.o(.ARM.Collect$$rtentry$$0000000A)
    __rt_entry_postsh_1                      0x0800017f   Thumb Code     0  __rtentry2.o(.ARM.Collect$$rtentry$$00000009)
    __rt_entry_main                          0x08000183   Thumb Code     0  __rtentry2.o(.ARM.Collect$$rtentry$$0000000D)
    __rt_entry_postli_1                      0x08000183   Thumb Code     0  __rtentry2.o(.ARM.Collect$$rtentry$$0000000C)
    __rt_exit                                0x0800018b   Thumb Code     0  rtexit.o(.ARM.Collect$$rtexit$$00000000)
    __rt_exit_ls                             0x0800018d   Thumb Code     0  rtexit2.o(.ARM.Collect$$rtexit$$00000003)
    __rt_exit_prels_1                        0x0800018d   Thumb Code     0  rtexit2.o(.ARM.Collect$$rtexit$$00000002)
    __rt_exit_exit                           0x08000191   Thumb Code     0  rtexit2.o(.ARM.Collect$$rtexit$$00000004)
    Reset_Handler                            0x08000199   Thumb Code     8  startup_stm32l1xx_md.o(.text)
    _maybe_terminate_alloc                   0x08000199   Thumb Code     0  maybetermalloc1.o(.emb_text)
    ADC1_IRQHandler                          0x080001b3   Thumb Code     0  startup_stm32l1xx_md.o(.text)
    COMP_IRQHandler                          0x080001b3   Thumb Code     0  startup_stm32l1xx_md.o(.text)
    DAC_IRQHandler                           0x080001b3   Thumb Code     0  startup_stm32l1xx_md.o(.text)
    DMA1_Channel1_IRQHandler                 0x080001b3   Thumb Code     0  startup_stm32l1xx_md.o(.text)
    DMA1_Channel2_IRQHandler                 0x080001b3   Thumb Code     0  startup_stm32l1xx_md.o(.text)
    DMA1_Channel3_IRQHandler                 0x080001b3   Thumb Code     0  startup_stm32l1xx_md.o(.text)
    DMA1_Channel4_IRQHandler                 0x080001b3   Thumb Code     0  startup_stm32l1xx_md.o(.text)
    DMA1_Channel5_IRQHandler                 0x080001b3   Thumb Code     0  startup_stm32l1xx_md.o(.text)
    DMA1_Channel6_IRQHandler                 0x080001b3   Thumb Code     0  startup_stm32l1xx_md.o(.text)
    DMA1_Channel7_IRQHandler                 0x080001b3   Thumb Code     0  startup_stm32l1xx_md.o(.text)
    EXTI0_IRQHandler                         0x080001b3   Thumb Code     0  startup_stm32l1xx_md.o(.text)
    EXTI15_10_IRQHandler                     0x080001b3   Thumb Code     0  startup_stm32l1xx_md.o(.text)
    EXTI1_IRQHandler                         0x080001b3   Thumb Code     0  startup_stm32l1xx_md.o(.text)
    EXTI2_IRQHandler                         0x080001b3   Thumb Code     0  startup_stm32l1xx_md.o(.text)
    EXTI3_IRQHandler                         0x080001b3   Thumb Code     0  startup_stm32l1xx_md.o(.text)
    EXTI4_IRQHandler                         0x080001b3   Thumb Code     0  startup_stm32l1xx_md.o(.text)
    EXTI9_5_IRQHandler                       0x080001b3   Thumb Code     0  startup_stm32l1xx_md.o(.text)
    FLASH_IRQHandler                         0x080001b3   Thumb Code     0  startup_stm32l1xx_md.o(.text)
    I2C1_ER_IRQHandler                       0x080001b3   Thumb Code     0  startup_stm32l1xx_md.o(.text)
    I2C1_EV_IRQHandler                       0x080001b3   Thumb Code     0  startup_stm32l1xx_md.o(.text)
    I2C2_ER_IRQHandler                       0x080001b3   Thumb Code     0  startup_stm32l1xx_md.o(.text)
    I2C2_EV_IRQHandler                       0x080001b3   Thumb Code     0  startup_stm32l1xx_md.o(.text)
    LCD_IRQHandler                           0x080001b3   Thumb Code     0  startup_stm32l1xx_md.o(.text)
    PVD_IRQHandler                           0x080001b3   Thumb Code     0  startup_stm32l1xx_md.o(.text)
    RCC_IRQHandler                           0x080001b3   Thumb Code     0  startup_stm32l1xx_md.o(.text)
    RTC_Alarm_IRQHandler                     0x080001b3   Thumb Code     0  startup_stm32l1xx_md.o(.text)
    RTC_WKUP_IRQHandler                      0x080001b3   Thumb Code     0  startup_stm32l1xx_md.o(.text)
    SPI1_IRQHandler                          0x080001b3   Thumb Code     0  startup_stm32l1xx_md.o(.text)
    SPI2_IRQHandler                          0x080001b3   Thumb Code     0  startup_stm32l1xx_md.o(.text)
    TAMPER_STAMP_IRQHandler                  0x080001b3   Thumb Code     0  startup_stm32l1xx_md.o(.text)
    TIM10_IRQHandler                         0x080001b3   Thumb Code     0  startup_stm32l1xx_md.o(.text)
    TIM11_IRQHandler                         0x080001b3   Thumb Code     0  startup_stm32l1xx_md.o(.text)
    TIM2_IRQHandler                          0x080001b3   Thumb Code     0  startup_stm32l1xx_md.o(.text)
    TIM3_IRQHandler                          0x080001b3   Thumb Code     0  startup_stm32l1xx_md.o(.text)
    TIM4_IRQHandler                          0x080001b3   Thumb Code     0  startup_stm32l1xx_md.o(.text)
    TIM6_IRQHandler                          0x080001b3   Thumb Code     0  startup_stm32l1xx_md.o(.text)
    TIM7_IRQHandler                          0x080001b3   Thumb Code     0  startup_stm32l1xx_md.o(.text)
    TIM9_IRQHandler                          0x080001b3   Thumb Code     0  startup_stm32l1xx_md.o(.text)
    USART2_IRQHandler                        0x080001b3   Thumb Code     0  startup_stm32l1xx_md.o(.text)
    USART3_IRQHandler                        0x080001b3   Thumb Code     0  startup_stm32l1xx_md.o(.text)
    USB_FS_WKUP_IRQHandler                   0x080001b3   Thumb Code     0  startup_stm32l1xx_md.o(.text)
    USB_HP_IRQHandler                        0x080001b3   Thumb Code     0  startup_stm32l1xx_md.o(.text)
    USB_LP_IRQHandler                        0x080001b3   Thumb Code     0  startup_stm32l1xx_md.o(.text)
    WWDG_IRQHandler                          0x080001b3   Thumb Code     0  startup_stm32l1xx_md.o(.text)
    __user_initial_stackheap                 0x080001b5   Thumb Code     0  startup_stm32l1xx_md.o(.text)
    malloc                                   0x080001d9   Thumb Code    94  h1_alloc.o(.text)
    free                                     0x08000237   Thumb Code    78  h1_free.o(.text)
    strlen                                   0x08000285   Thumb Code    62  strlen.o(.text)
    __aeabi_memcpy                           0x080002c3   Thumb Code     0  rt_memcpy_v6.o(.text)
    __rt_memcpy                              0x080002c3   Thumb Code   138  rt_memcpy_v6.o(.text)
    _memcpy_lastbytes                        0x08000329   Thumb Code     0  rt_memcpy_v6.o(.text)
    __aeabi_memset                           0x0800034d   Thumb Code    16  aeabi_memset.o(.text)
    __aeabi_memclr                           0x0800035d   Thumb Code     0  rt_memclr.o(.text)
    __rt_memclr                              0x0800035d   Thumb Code    68  rt_memclr.o(.text)
    _memset                                  0x08000361   Thumb Code     0  rt_memclr.o(.text)
    __use_two_region_memory                  0x080003a1   Thumb Code     2  heapauxi.o(.text)
    __rt_heap_escrow                         0x080003a3   Thumb Code     2  heapauxi.o(.text)
    __rt_heap_expand                         0x080003a5   Thumb Code     2  heapauxi.o(.text)
    __rt_heap_descriptor                     0x080003a9   Thumb Code     8  rt_heap_descriptor_intlibspace.o(.text)
    __use_no_heap                            0x080003b1   Thumb Code     2  hguard.o(.text)
    __heap$guard                             0x080003b3   Thumb Code     2  hguard.o(.text)
    _terminate_user_alloc                    0x080003b5   Thumb Code     2  init_alloc.o(.text)
    _init_user_alloc                         0x080003b7   Thumb Code     2  init_alloc.o(.text)
    __Heap_Full                              0x080003b9   Thumb Code    34  init_alloc.o(.text)
    __Heap_Broken                            0x080003db   Thumb Code     6  init_alloc.o(.text)
    _init_alloc                              0x080003e1   Thumb Code    94  init_alloc.o(.text)
    __Heap_Initialize                        0x0800043f   Thumb Code    10  h1_init.o(.text)
    __Heap_DescSize                          0x08000449   Thumb Code     4  h1_init.o(.text)
    __aeabi_memcpy4                          0x0800044d   Thumb Code     0  rt_memcpy_w.o(.text)
    __aeabi_memcpy8                          0x0800044d   Thumb Code     0  rt_memcpy_w.o(.text)
    __rt_memcpy_w                            0x0800044d   Thumb Code   100  rt_memcpy_w.o(.text)
    _memcpy_lastbytes_aligned                0x08000495   Thumb Code     0  rt_memcpy_w.o(.text)
    __aeabi_memclr4                          0x080004b1   Thumb Code     0  rt_memclr_w.o(.text)
    __aeabi_memclr8                          0x080004b1   Thumb Code     0  rt_memclr_w.o(.text)
    __rt_memclr_w                            0x080004b1   Thumb Code    78  rt_memclr_w.o(.text)
    _memset_w                                0x080004b5   Thumb Code     0  rt_memclr_w.o(.text)
    __user_libspace                          0x08000501   Thumb Code     8  libspace.o(.text)
    __user_perproc_libspace                  0x08000501   Thumb Code     0  libspace.o(.text)
    __user_perthread_libspace                0x08000501   Thumb Code     0  libspace.o(.text)
    __Heap_ProvideMemory                     0x08000509   Thumb Code    52  h1_extend.o(.text)
    __rt_SIGRTMEM                            0x0800053d   Thumb Code    14  defsig_rtmem_outer.o(.text)
    __I$use$semihosting                      0x0800054b   Thumb Code     0  use_no_semi.o(.text)
    __use_no_semihosting_swi                 0x0800054b   Thumb Code     2  use_no_semi.o(.text)
    __semihosting_library_function           0x0800054d   Thumb Code     0  indicate_semi.o(.text)
    __user_setup_stackheap                   0x0800054d   Thumb Code    74  sys_stackheap_outer.o(.text)
    exit                                     0x08000597   Thumb Code    18  exit.o(.text)
    __sig_exit                               0x080005a9   Thumb Code    10  defsig_exit.o(.text)
    __rt_SIGRTMEM_inner                      0x080005b5   Thumb Code    22  defsig_rtmem_inner.o(.text)
    _sys_exit                                0x08000605   Thumb Code     8  sys_exit.o(.text)
    __default_signal_display                 0x08000611   Thumb Code    50  defsig_general.o(.text)
    _ttywrch                                 0x08000643   Thumb Code    14  sys_wrch.o(.text)
    ADC_Cmd                                  0x08000651   Thumb Code    22  stm32l1xx_adc.o(i.ADC_Cmd)
    ADC_DeInit                               0x08000669   Thumb Code    28  stm32l1xx_adc.o(i.ADC_DeInit)
    ADC_GetConversionValue                   0x08000689   Thumb Code     8  stm32l1xx_adc.o(i.ADC_GetConversionValue)
    ADC_GetFlagStatus                        0x08000691   Thumb Code    18  stm32l1xx_adc.o(i.ADC_GetFlagStatus)
    ADC_Init                                 0x080006a5   Thumb Code    74  stm32l1xx_adc.o(i.ADC_Init)
    ADC_RegularChannelConfig                 0x080006f9   Thumb Code   344  stm32l1xx_adc.o(i.ADC_RegularChannelConfig)
    ADC_SoftwareStartConv                    0x08000851   Thumb Code    10  stm32l1xx_adc.o(i.ADC_SoftwareStartConv)
    BusFault_Handler                         0x0800085b   Thumb Code     4  stm32l1xx_it.o(i.BusFault_Handler)
    DebugMon_Handler                         0x0800085f   Thumb Code     2  stm32l1xx_it.o(i.DebugMon_Handler)
    Delay_ms                                 0x08000861   Thumb Code    34  delay.o(i.Delay_ms)
    Delay_us                                 0x08000883   Thumb Code    18  delay.o(i.Delay_us)
    GPIO_Init                                0x08000895   Thumb Code   132  stm32l1xx_gpio.o(i.GPIO_Init)
    GPIO_PinAFConfig                         0x08000919   Thumb Code    70  stm32l1xx_gpio.o(i.GPIO_PinAFConfig)
    GPIO_ResetBits                           0x0800095f   Thumb Code     4  stm32l1xx_gpio.o(i.GPIO_ResetBits)
    GPIO_SetBits                             0x08000963   Thumb Code     4  stm32l1xx_gpio.o(i.GPIO_SetBits)
    Get_Resistance_Level_VValue              0x08000969   Thumb Code   142  resistance_level_driver.o(i.Get_Resistance_Level_VValue)
    HardFault_Handler                        0x08000a0d   Thumb Code     4  stm32l1xx_it.o(i.HardFault_Handler)
    HexStr2Integer                           0x08000a11   Thumb Code   226  protocol.o(i.HexStr2Integer)
    IntToHexChar                             0x08000af3   Thumb Code    80  protocol.o(i.IntToHexChar)
    Logic                                    0x08000b45   Thumb Code    20  main.o(i.Logic)
    MemManage_Handler                        0x08000b5d   Thumb Code     4  stm32l1xx_it.o(i.MemManage_Handler)
    Motor_Forward                            0x08000b61   Thumb Code    24  motor_driver.o(i.Motor_Forward)
    Motor_GPIO_Init                          0x08000b7d   Thumb Code    50  motor_driver.o(i.Motor_GPIO_Init)
    Motor_ResistanceAdjustment               0x08000bb5   Thumb Code   112  motor_driver.o(i.Motor_ResistanceAdjustment)
    Motor_Reverse                            0x08000c25   Thumb Code    24  motor_driver.o(i.Motor_Reverse)
    Motor_Stop                               0x08000c41   Thumb Code    24  motor_driver.o(i.Motor_Stop)
    NMI_Handler                              0x08000c5d   Thumb Code     2  stm32l1xx_it.o(i.NMI_Handler)
    NVIC_Init                                0x08000c61   Thumb Code   106  misc.o(i.NVIC_Init)
    PROTOCOL_DataAnalysis                    0x08000cd9   Thumb Code   166  protocol.o(i.PROTOCOL_DataAnalysis)
    PROTOCOL_FunctionAnalysis                0x08000d9d   Thumb Code   276  protocol.o(i.PROTOCOL_FunctionAnalysis)
    PROTOCOL_ReturnResistanceValue           0x08000ee9   Thumb Code    96  protocol.o(i.PROTOCOL_ReturnResistanceValue)
    PendSV_Handler                           0x08000f4d   Thumb Code     2  stm32l1xx_it.o(i.PendSV_Handler)
    RCC_AHBPeriphClockCmd                    0x08000f51   Thumb Code    26  stm32l1xx_rcc.o(i.RCC_AHBPeriphClockCmd)
    RCC_APB2PeriphClockCmd                   0x08000f71   Thumb Code    26  stm32l1xx_rcc.o(i.RCC_APB2PeriphClockCmd)
    RCC_APB2PeriphResetCmd                   0x08000f91   Thumb Code    26  stm32l1xx_rcc.o(i.RCC_APB2PeriphResetCmd)
    RCC_GetClocksFreq                        0x08000fb1   Thumb Code   234  stm32l1xx_rcc.o(i.RCC_GetClocksFreq)
    RCC_GetFlagStatus                        0x080010b1   Thumb Code    48  stm32l1xx_rcc.o(i.RCC_GetFlagStatus)
    RCC_HSICmd                               0x080010e5   Thumb Code     6  stm32l1xx_rcc.o(i.RCC_HSICmd)
    Resistance_Level_ADC_Init                0x080010f1   Thumb Code   136  resistance_level_driver.o(i.Resistance_Level_ADC_Init)
    SVC_Handler                              0x08001181   Thumb Code     2  stm32l1xx_it.o(i.SVC_Handler)
    SysTick_Handler                          0x08001295   Thumb Code     2  stm32l1xx_it.o(i.SysTick_Handler)
    SystemInit                               0x08001299   Thumb Code    88  system_stm32l1xx.o(i.SystemInit)
    UART_ATT_Config                          0x08001301   Thumb Code    94  uartdriver.o(i.UART_ATT_Config)
    UART_GPIO_Init                           0x08001369   Thumb Code    70  uartdriver.o(i.UART_GPIO_Init)
    UART_Init                                0x080013b5   Thumb Code    40  uartdriver.o(i.UART_Init)
    UART_NVIC_Init                           0x080013e1   Thumb Code    32  uartdriver.o(i.UART_NVIC_Init)
    UART_ReceiveData                         0x08001401   Thumb Code    28  uartdriver.o(i.UART_ReceiveData)
    UART_SendData                            0x08001421   Thumb Code    48  uart.o(i.UART_SendData)
    USART1_IRQHandler                        0x08001455   Thumb Code    76  uartdriver.o(i.USART1_IRQHandler)
    USART_ClearITPendingBit                  0x080014a9   Thumb Code    30  stm32l1xx_usart.o(i.USART_ClearITPendingBit)
    USART_Cmd                                0x080014c7   Thumb Code    24  stm32l1xx_usart.o(i.USART_Cmd)
    USART_GetFlagStatus                      0x080014df   Thumb Code    26  stm32l1xx_usart.o(i.USART_GetFlagStatus)
    USART_GetITStatus                        0x080014f9   Thumb Code    84  stm32l1xx_usart.o(i.USART_GetITStatus)
    USART_ITConfig                           0x0800154d   Thumb Code    74  stm32l1xx_usart.o(i.USART_ITConfig)
    USART_Init                               0x08001599   Thumb Code   198  stm32l1xx_usart.o(i.USART_Init)
    USART_ReceiveData                        0x08001665   Thumb Code    10  stm32l1xx_usart.o(i.USART_ReceiveData)
    USART_SendData                           0x0800166f   Thumb Code     8  stm32l1xx_usart.o(i.USART_SendData)
    UsageFault_Handler                       0x08001677   Thumb Code     4  stm32l1xx_it.o(i.UsageFault_Handler)
    main                                     0x0800167b   Thumb Code    28  main.o(i.main)
    __aeabi_ddiv                             0x08001699   Thumb Code     0  ddiv.o(x$fpl$ddiv)
    _ddiv                                    0x08001699   Thumb Code   552  ddiv.o(x$fpl$ddiv)
    __aeabi_d2iz                             0x08001949   Thumb Code     0  dfix.o(x$fpl$dfix)
    _dfix                                    0x08001949   Thumb Code    94  dfix.o(x$fpl$dfix)
    __aeabi_i2d                              0x080019a7   Thumb Code     0  dflt_clz.o(x$fpl$dflt)
    _dflt                                    0x080019a7   Thumb Code    46  dflt_clz.o(x$fpl$dflt)
    __aeabi_dmul                             0x080019d5   Thumb Code     0  dmul.o(x$fpl$dmul)
    _dmul                                    0x080019d5   Thumb Code   332  dmul.o(x$fpl$dmul)
    __fpl_dnaninf                            0x08001b29   Thumb Code   156  dnaninf.o(x$fpl$dnaninf)
    __fpl_dretinf                            0x08001bc5   Thumb Code    12  dretinf.o(x$fpl$dretinf)
    Region$$Table$$Base                      0x08001bd0   Number         0  anon$$obj.o(Region$$Table)
    __I$use$fp                               0x08001bd0   Number         0  usenofp.o(x$fpl$usenofp)
    Region$$Table$$Limit                     0x08001bf0   Number         0  anon$$obj.o(Region$$Table)
    gEnum_Function                           0x20000000   Data           1  protocol.o(.data)
    gUART_Struct                             0x2000001c   Data          44  uartdriver.o(.bss)
    gPackageString                           0x20000048   Data          10  protocol.o(.bss)
    __libspace_start                         0x20000054   Data          96  libspace.o(.bss)
    __temporary_stack_top$libspace           0x200000b4   Data           0  libspace.o(.bss)



==============================================================================

Memory Map of the image

  Image Entry point : 0x080000f5

  Load Region LR_IROM1 (Base: 0x08000000, Size: 0x00001c0c, Max: 0x00010000, ABSOLUTE)

    Execution Region ER_IROM1 (Base: 0x08000000, Size: 0x00001bf0, Max: 0x00010000, ABSOLUTE)

    Base Addr    Size         Type   Attr      Idx    E Section Name        Object

    0x08000000   0x000000f4   Data   RO         4226    RESET               startup_stm32l1xx_md.o
    0x080000f4   0x00000008   Code   RO         4305  * !!!main             c_w.l(__main.o)
    0x080000fc   0x00000034   Code   RO         4531    !!!scatter          c_w.l(__scatter.o)
    0x08000130   0x0000001a   Code   RO         4533    !!handler_copy      c_w.l(__scatter_copy.o)
    0x0800014a   0x00000002   PAD
    0x0800014c   0x0000001c   Code   RO         4535    !!handler_zi        c_w.l(__scatter_zi.o)
    0x08000168   0x00000002   Code   RO         4470    .ARM.Collect$$libinit$$00000000  c_w.l(libinit.o)
    0x0800016a   0x00000000   Code   RO         4358    .ARM.Collect$$libinit$$00000002  c_w.l(libinit2.o)
    0x0800016a   0x00000000   Code   RO         4360    .ARM.Collect$$libinit$$00000004  c_w.l(libinit2.o)
    0x0800016a   0x00000008   Code   RO         4361    .ARM.Collect$$libinit$$00000005  c_w.l(libinit2.o)
    0x08000172   0x00000000   Code   RO         4363    .ARM.Collect$$libinit$$0000000A  c_w.l(libinit2.o)
    0x08000172   0x00000000   Code   RO         4365    .ARM.Collect$$libinit$$0000000C  c_w.l(libinit2.o)
    0x08000172   0x00000000   Code   RO         4367    .ARM.Collect$$libinit$$0000000E  c_w.l(libinit2.o)
    0x08000172   0x00000000   Code   RO         4370    .ARM.Collect$$libinit$$00000011  c_w.l(libinit2.o)
    0x08000172   0x00000000   Code   RO         4372    .ARM.Collect$$libinit$$00000013  c_w.l(libinit2.o)
    0x08000172   0x00000000   Code   RO         4374    .ARM.Collect$$libinit$$00000015  c_w.l(libinit2.o)
    0x08000172   0x00000000   Code   RO         4376    .ARM.Collect$$libinit$$00000017  c_w.l(libinit2.o)
    0x08000172   0x00000000   Code   RO         4378    .ARM.Collect$$libinit$$00000019  c_w.l(libinit2.o)
    0x08000172   0x00000000   Code   RO         4380    .ARM.Collect$$libinit$$0000001B  c_w.l(libinit2.o)
    0x08000172   0x00000000   Code   RO         4382    .ARM.Collect$$libinit$$0000001D  c_w.l(libinit2.o)
    0x08000172   0x00000000   Code   RO         4384    .ARM.Collect$$libinit$$0000001F  c_w.l(libinit2.o)
    0x08000172   0x00000000   Code   RO         4386    .ARM.Collect$$libinit$$00000021  c_w.l(libinit2.o)
    0x08000172   0x00000000   Code   RO         4388    .ARM.Collect$$libinit$$00000023  c_w.l(libinit2.o)
    0x08000172   0x00000000   Code   RO         4390    .ARM.Collect$$libinit$$00000025  c_w.l(libinit2.o)
    0x08000172   0x00000000   Code   RO         4394    .ARM.Collect$$libinit$$0000002C  c_w.l(libinit2.o)
    0x08000172   0x00000000   Code   RO         4396    .ARM.Collect$$libinit$$0000002E  c_w.l(libinit2.o)
    0x08000172   0x00000000   Code   RO         4398    .ARM.Collect$$libinit$$00000030  c_w.l(libinit2.o)
    0x08000172   0x00000000   Code   RO         4400    .ARM.Collect$$libinit$$00000032  c_w.l(libinit2.o)
    0x08000172   0x00000002   Code   RO         4401    .ARM.Collect$$libinit$$00000033  c_w.l(libinit2.o)
    0x08000174   0x00000002   Code   RO         4528    .ARM.Collect$$libshutdown$$00000000  c_w.l(libshutdown.o)
    0x08000176   0x00000000   Code   RO         4484    .ARM.Collect$$libshutdown$$00000002  c_w.l(libshutdown2.o)
    0x08000176   0x00000000   Code   RO         4486    .ARM.Collect$$libshutdown$$00000004  c_w.l(libshutdown2.o)
    0x08000176   0x00000000   Code   RO         4489    .ARM.Collect$$libshutdown$$00000007  c_w.l(libshutdown2.o)
    0x08000176   0x00000000   Code   RO         4492    .ARM.Collect$$libshutdown$$0000000A  c_w.l(libshutdown2.o)
    0x08000176   0x00000000   Code   RO         4494    .ARM.Collect$$libshutdown$$0000000C  c_w.l(libshutdown2.o)
    0x08000176   0x00000000   Code   RO         4497    .ARM.Collect$$libshutdown$$0000000F  c_w.l(libshutdown2.o)
    0x08000176   0x00000002   Code   RO         4498    .ARM.Collect$$libshutdown$$00000010  c_w.l(libshutdown2.o)
    0x08000178   0x00000000   Code   RO         4325    .ARM.Collect$$rtentry$$00000000  c_w.l(__rtentry.o)
    0x08000178   0x00000000   Code   RO         4413    .ARM.Collect$$rtentry$$00000002  c_w.l(__rtentry2.o)
    0x08000178   0x00000006   Code   RO         4425    .ARM.Collect$$rtentry$$00000004  c_w.l(__rtentry4.o)
    0x0800017e   0x00000000   Code   RO         4415    .ARM.Collect$$rtentry$$00000009  c_w.l(__rtentry2.o)
    0x0800017e   0x00000004   Code   RO         4416    .ARM.Collect$$rtentry$$0000000A  c_w.l(__rtentry2.o)
    0x08000182   0x00000000   Code   RO         4418    .ARM.Collect$$rtentry$$0000000C  c_w.l(__rtentry2.o)
    0x08000182   0x00000008   Code   RO         4419    .ARM.Collect$$rtentry$$0000000D  c_w.l(__rtentry2.o)
    0x0800018a   0x00000002   Code   RO         4473    .ARM.Collect$$rtexit$$00000000  c_w.l(rtexit.o)
    0x0800018c   0x00000000   Code   RO         4502    .ARM.Collect$$rtexit$$00000002  c_w.l(rtexit2.o)
    0x0800018c   0x00000004   Code   RO         4503    .ARM.Collect$$rtexit$$00000003  c_w.l(rtexit2.o)
    0x08000190   0x00000006   Code   RO         4504    .ARM.Collect$$rtexit$$00000004  c_w.l(rtexit2.o)
    0x08000196   0x00000002   PAD
    0x08000198   0x00000000   Code   RO         4429    .emb_text           c_w.l(maybetermalloc1.o)
    0x08000198   0x00000040   Code   RO         4227    .text               startup_stm32l1xx_md.o
    0x080001d8   0x0000005e   Code   RO         4237    .text               c_w.l(h1_alloc.o)
    0x08000236   0x0000004e   Code   RO         4239    .text               c_w.l(h1_free.o)
    0x08000284   0x0000003e   Code   RO         4295    .text               c_w.l(strlen.o)
    0x080002c2   0x0000008a   Code   RO         4297    .text               c_w.l(rt_memcpy_v6.o)
    0x0800034c   0x00000010   Code   RO         4299    .text               c_w.l(aeabi_memset.o)
    0x0800035c   0x00000044   Code   RO         4301    .text               c_w.l(rt_memclr.o)
    0x080003a0   0x00000006   Code   RO         4303    .text               c_w.l(heapauxi.o)
    0x080003a6   0x00000002   PAD
    0x080003a8   0x00000008   Code   RO         4329    .text               c_w.l(rt_heap_descriptor_intlibspace.o)
    0x080003b0   0x00000004   Code   RO         4331    .text               c_w.l(hguard.o)
    0x080003b4   0x0000008a   Code   RO         4333    .text               c_w.l(init_alloc.o)
    0x0800043e   0x0000000e   Code   RO         4337    .text               c_w.l(h1_init.o)
    0x0800044c   0x00000064   Code   RO         4351    .text               c_w.l(rt_memcpy_w.o)
    0x080004b0   0x0000004e   Code   RO         4353    .text               c_w.l(rt_memclr_w.o)
    0x080004fe   0x00000002   PAD
    0x08000500   0x00000008   Code   RO         4409    .text               c_w.l(libspace.o)
    0x08000508   0x00000034   Code   RO         4431    .text               c_w.l(h1_extend.o)
    0x0800053c   0x0000000e   Code   RO         4435    .text               c_w.l(defsig_rtmem_outer.o)
    0x0800054a   0x00000002   Code   RO         4446    .text               c_w.l(use_no_semi.o)
    0x0800054c   0x00000000   Code   RO         4448    .text               c_w.l(indicate_semi.o)
    0x0800054c   0x0000004a   Code   RO         4449    .text               c_w.l(sys_stackheap_outer.o)
    0x08000596   0x00000012   Code   RO         4455    .text               c_w.l(exit.o)
    0x080005a8   0x0000000a   Code   RO         4457    .text               c_w.l(defsig_exit.o)
    0x080005b2   0x00000002   PAD
    0x080005b4   0x00000050   Code   RO         4459    .text               c_w.l(defsig_rtmem_inner.o)
    0x08000604   0x0000000c   Code   RO         4471    .text               c_w.l(sys_exit.o)
    0x08000610   0x00000032   Code   RO         4481    .text               c_w.l(defsig_general.o)
    0x08000642   0x0000000e   Code   RO         4499    .text               c_w.l(sys_wrch.o)
    0x08000650   0x00000016   Code   RO          581    i.ADC_Cmd           stm32l1xx_adc.o
    0x08000666   0x00000002   PAD
    0x08000668   0x00000020   Code   RO          587    i.ADC_DeInit        stm32l1xx_adc.o
    0x08000688   0x00000008   Code   RO          594    i.ADC_GetConversionValue  stm32l1xx_adc.o
    0x08000690   0x00000012   Code   RO          595    i.ADC_GetFlagStatus  stm32l1xx_adc.o
    0x080006a2   0x00000002   PAD
    0x080006a4   0x00000054   Code   RO          601    i.ADC_Init          stm32l1xx_adc.o
    0x080006f8   0x00000158   Code   RO          606    i.ADC_RegularChannelConfig  stm32l1xx_adc.o
    0x08000850   0x0000000a   Code   RO          608    i.ADC_SoftwareStartConv  stm32l1xx_adc.o
    0x0800085a   0x00000004   Code   RO          160    i.BusFault_Handler  stm32l1xx_it.o
    0x0800085e   0x00000002   Code   RO          161    i.DebugMon_Handler  stm32l1xx_it.o
    0x08000860   0x00000022   Code   RO          281    i.Delay_ms          delay.o
    0x08000882   0x00000012   Code   RO          282    i.Delay_us          delay.o
    0x08000894   0x00000084   Code   RO         1791    i.GPIO_Init         stm32l1xx_gpio.o
    0x08000918   0x00000046   Code   RO         1792    i.GPIO_PinAFConfig  stm32l1xx_gpio.o
    0x0800095e   0x00000004   Code   RO         1798    i.GPIO_ResetBits    stm32l1xx_gpio.o
    0x08000962   0x00000004   Code   RO         1799    i.GPIO_SetBits      stm32l1xx_gpio.o
    0x08000966   0x00000002   PAD
    0x08000968   0x000000a4   Code   RO          307    i.Get_Resistance_Level_VValue  resistance_level_driver.o
    0x08000a0c   0x00000004   Code   RO          162    i.HardFault_Handler  stm32l1xx_it.o
    0x08000a10   0x000000e2   Code   RO          435    i.HexStr2Integer    protocol.o
    0x08000af2   0x00000050   Code   RO          436    i.IntToHexChar      protocol.o
    0x08000b42   0x00000002   PAD
    0x08000b44   0x00000018   Code   RO            3    i.Logic             main.o
    0x08000b5c   0x00000004   Code   RO          163    i.MemManage_Handler  stm32l1xx_it.o
    0x08000b60   0x0000001c   Code   RO          232    i.Motor_Forward     motor_driver.o
    0x08000b7c   0x00000038   Code   RO          233    i.Motor_GPIO_Init   motor_driver.o
    0x08000bb4   0x00000070   Code   RO          234    i.Motor_ResistanceAdjustment  motor_driver.o
    0x08000c24   0x0000001c   Code   RO          235    i.Motor_Reverse     motor_driver.o
    0x08000c40   0x0000001c   Code   RO          236    i.Motor_Stop        motor_driver.o
    0x08000c5c   0x00000002   Code   RO          164    i.NMI_Handler       stm32l1xx_it.o
    0x08000c5e   0x00000002   PAD
    0x08000c60   0x00000078   Code   RO          530    i.NVIC_Init         misc.o
    0x08000cd8   0x000000c4   Code   RO          437    i.PROTOCOL_DataAnalysis  protocol.o
    0x08000d9c   0x0000014c   Code   RO          438    i.PROTOCOL_FunctionAnalysis  protocol.o
    0x08000ee8   0x00000064   Code   RO          439    i.PROTOCOL_ReturnResistanceValue  protocol.o
    0x08000f4c   0x00000002   Code   RO          165    i.PendSV_Handler    stm32l1xx_it.o
    0x08000f4e   0x00000002   PAD
    0x08000f50   0x00000020   Code   RO         2438    i.RCC_AHBPeriphClockCmd  stm32l1xx_rcc.o
    0x08000f70   0x00000020   Code   RO         2444    i.RCC_APB2PeriphClockCmd  stm32l1xx_rcc.o
    0x08000f90   0x00000020   Code   RO         2446    i.RCC_APB2PeriphResetCmd  stm32l1xx_rcc.o
    0x08000fb0   0x00000100   Code   RO         2453    i.RCC_GetClocksFreq  stm32l1xx_rcc.o
    0x080010b0   0x00000034   Code   RO         2454    i.RCC_GetFlagStatus  stm32l1xx_rcc.o
    0x080010e4   0x0000000c   Code   RO         2459    i.RCC_HSICmd        stm32l1xx_rcc.o
    0x080010f0   0x00000090   Code   RO          308    i.Resistance_Level_ADC_Init  resistance_level_driver.o
    0x08001180   0x00000002   Code   RO          166    i.SVC_Handler       stm32l1xx_it.o
    0x08001182   0x00000002   PAD
    0x08001184   0x00000110   Code   RO          493    i.SetSysClock       system_stm32l1xx.o
    0x08001294   0x00000002   Code   RO          167    i.SysTick_Handler   stm32l1xx_it.o
    0x08001296   0x00000002   PAD
    0x08001298   0x00000068   Code   RO          495    i.SystemInit        system_stm32l1xx.o
    0x08001300   0x00000068   Code   RO          382    i.UART_ATT_Config   uartdriver.o
    0x08001368   0x0000004c   Code   RO          383    i.UART_GPIO_Init    uartdriver.o
    0x080013b4   0x0000002c   Code   RO          384    i.UART_Init         uartdriver.o
    0x080013e0   0x00000020   Code   RO          385    i.UART_NVIC_Init    uartdriver.o
    0x08001400   0x00000020   Code   RO          386    i.UART_ReceiveData  uartdriver.o
    0x08001420   0x00000034   Code   RO          354    i.UART_SendData     uart.o
    0x08001454   0x00000054   Code   RO          387    i.USART1_IRQHandler  uartdriver.o
    0x080014a8   0x0000001e   Code   RO         3977    i.USART_ClearITPendingBit  stm32l1xx_usart.o
    0x080014c6   0x00000018   Code   RO         3980    i.USART_Cmd         stm32l1xx_usart.o
    0x080014de   0x0000001a   Code   RO         3983    i.USART_GetFlagStatus  stm32l1xx_usart.o
    0x080014f8   0x00000054   Code   RO         3984    i.USART_GetITStatus  stm32l1xx_usart.o
    0x0800154c   0x0000004a   Code   RO         3986    i.USART_ITConfig    stm32l1xx_usart.o
    0x08001596   0x00000002   PAD
    0x08001598   0x000000cc   Code   RO         3987    i.USART_Init        stm32l1xx_usart.o
    0x08001664   0x0000000a   Code   RO         3994    i.USART_ReceiveData  stm32l1xx_usart.o
    0x0800166e   0x00000008   Code   RO         3997    i.USART_SendData    stm32l1xx_usart.o
    0x08001676   0x00000004   Code   RO          168    i.UsageFault_Handler  stm32l1xx_it.o
    0x0800167a   0x0000001c   Code   RO            4    i.main              main.o
    0x08001696   0x00000002   PAD
    0x08001698   0x000002b0   Code   RO         4308    x$fpl$ddiv          fz_ws.l(ddiv.o)
    0x08001948   0x0000005e   Code   RO         4311    x$fpl$dfix          fz_ws.l(dfix.o)
    0x080019a6   0x0000002e   Code   RO         4316    x$fpl$dflt          fz_ws.l(dflt_clz.o)
    0x080019d4   0x00000154   Code   RO         4321    x$fpl$dmul          fz_ws.l(dmul.o)
    0x08001b28   0x0000009c   Code   RO         4402    x$fpl$dnaninf       fz_ws.l(dnaninf.o)
    0x08001bc4   0x0000000c   Code   RO         4404    x$fpl$dretinf       fz_ws.l(dretinf.o)
    0x08001bd0   0x00000000   Code   RO         4406    x$fpl$usenofp       fz_ws.l(usenofp.o)
    0x08001bd0   0x00000020   Data   RO         4529    Region$$Table       anon$$obj.o


    Execution Region RW_IRAM1 (Base: 0x20000000, Size: 0x000006b8, Max: 0x00002800, ABSOLUTE)

    Base Addr    Size         Type   Attr      Idx    E Section Name        Object

    0x20000000   0x00000001   Data   RW          441    .data               protocol.o
    0x20000001   0x00000019   Data   RW         2476    .data               stm32l1xx_rcc.o
    0x2000001a   0x00000002   PAD
    0x2000001c   0x0000002c   Zero   RW          388    .bss                uartdriver.o
    0x20000048   0x0000000a   Zero   RW          440    .bss                protocol.o
    0x20000052   0x00000002   PAD
    0x20000054   0x00000060   Zero   RW         4410    .bss                c_w.l(libspace.o)
    0x200000b4   0x00000004   PAD
    0x200000b8   0x00000200   Zero   RW         4225    HEAP                startup_stm32l1xx_md.o
    0x200002b8   0x00000400   Zero   RW         4224    STACK               startup_stm32l1xx_md.o


==============================================================================

Image component sizes


      Code (inc. data)   RO Data    RW Data    ZI Data      Debug   Object Name

        52          0          0          0          0        998   delay.o
        52          4          0          0          0     225810   main.o
       120         14          0          0          0        920   misc.o
       252         18          0          0          0       2560   motor_driver.o
       934         90          0          1         10       5424   protocol.o
       308         30          0          0          0       1366   resistance_level_driver.o
        64         26        244          0       1536        776   startup_stm32l1xx_md.o
       518         14          0          0          0       5242   stm32l1xx_adc.o
       210          0          0          0          0       2627   stm32l1xx_gpio.o
        26          0          0          0          0       3738   stm32l1xx_it.o
       416         50          0         25          0       5115   stm32l1xx_rcc.o
       460          6          0          0          0       5579   stm32l1xx_usart.o
       376         30          0          0          0       1365   system_stm32l1xx.o
        52          4          0          0          0        564   uart.o
       372         32          0          0         44       3650   uartdriver.o

    ----------------------------------------------------------------------
      4232        318        276         28       1592     265734   Object Totals
         0          0         32          0          0          0   (incl. Generated)
        20          0          0          2          2          0   (incl. Padding)

    ----------------------------------------------------------------------

      Code (inc. data)   RO Data    RW Data    ZI Data      Debug   Library Member Name

         8          0          0          0          0         68   __main.o
         0          0          0          0          0          0   __rtentry.o
        12          0          0          0          0          0   __rtentry2.o
         6          0          0          0          0          0   __rtentry4.o
        52          8          0          0          0          0   __scatter.o
        26          0          0          0          0          0   __scatter_copy.o
        28          0          0          0          0          0   __scatter_zi.o
        16          0          0          0          0         68   aeabi_memset.o
        10          0          0          0          0         68   defsig_exit.o
        50          0          0          0          0         88   defsig_general.o
        80         58          0          0          0         76   defsig_rtmem_inner.o
        14          0          0          0          0         80   defsig_rtmem_outer.o
        18          0          0          0          0         80   exit.o
        94          0          0          0          0         80   h1_alloc.o
        52          0          0          0          0         68   h1_extend.o
        78          0          0          0          0         80   h1_free.o
        14          0          0          0          0         84   h1_init.o
         6          0          0          0          0        152   heapauxi.o
         4          0          0          0          0        136   hguard.o
         0          0          0          0          0          0   indicate_semi.o
       138          0          0          0          0        168   init_alloc.o
         2          0          0          0          0          0   libinit.o
        10          0          0          0          0          0   libinit2.o
         2          0          0          0          0          0   libshutdown.o
         2          0          0          0          0          0   libshutdown2.o
         8          4          0          0         96         68   libspace.o
         0          0          0          0          0          0   maybetermalloc1.o
         8          4          0          0          0         68   rt_heap_descriptor_intlibspace.o
        68          0          0          0          0         68   rt_memclr.o
        78          0          0          0          0         80   rt_memclr_w.o
       138          0          0          0          0         68   rt_memcpy_v6.o
       100          0          0          0          0         80   rt_memcpy_w.o
         2          0          0          0          0          0   rtexit.o
        10          0          0          0          0          0   rtexit2.o
        62          0          0          0          0         76   strlen.o
        12          4          0          0          0         68   sys_exit.o
        74          0          0          0          0         80   sys_stackheap_outer.o
        14          0          0          0          0         76   sys_wrch.o
         2          0          0          0          0         68   use_no_semi.o
       688        140          0          0          0        208   ddiv.o
        94          4          0          0          0         92   dfix.o
        46          0          0          0          0         68   dflt_clz.o
       340         12          0          0          0        104   dmul.o
       156          4          0          0          0         92   dnaninf.o
        12          0          0          0          0         68   dretinf.o
         0          0          0          0          0          0   usenofp.o

    ----------------------------------------------------------------------
      2644        238          0          0        100       2728   Library Totals
        10          0          0          0          4          0   (incl. Padding)

    ----------------------------------------------------------------------

      Code (inc. data)   RO Data    RW Data    ZI Data      Debug   Library Name

      1298         78          0          0         96       2096   c_w.l
      1336        160          0          0          0        632   fz_ws.l

    ----------------------------------------------------------------------
      2644        238          0          0        100       2728   Library Totals

    ----------------------------------------------------------------------

==============================================================================


      Code (inc. data)   RO Data    RW Data    ZI Data      Debug   

      6876        556        276         28       1692     264090   Grand Totals
      6876        556        276         28       1692     264090   ELF Image Totals
      6876        556        276         28          0          0   ROM Totals

==============================================================================

    Total RO  Size (Code + RO Data)                 7152 (   6.98kB)
    Total RW  Size (RW Data + ZI Data)              1720 (   1.68kB)
    Total ROM Size (Code + RO Data + RW Data)       7180 (   7.01kB)

==============================================================================

